[INFO] terminal64.exe = C:\Users\Leon\Desktop\Terminals\MetaTrader 5 - Kopie - Kopie - Kopie (19) - Kopie - Kopie - Kopie - Kopie - Kopie\terminal64.exe
[INFO] SCRIPT_PATH = C:\Users\Leon\Desktop\QUANT\Data_Center\Backend_Management\1_Pipelines\Trades\FTMO_LIVE_530164208.py
[INFO] QUANT_ROOT = C:\Users\Leon\Desktop\QUANT
[INFO] DATA_DIR = C:\Users\Leon\Desktop\QUANT\Data_Center\Data
[INFO] BACKEND_MANAGEMENT_DIR = C:\Users\Leon\Desktop\QUANT\Data_Center\Backend_Management
[INFO] PIPELINES_DIR = C:\Users\Leon\Desktop\QUANT\Data_Center\Backend_Management\1_Pipelines
[INFO] PIPELINE_DATA_DIR = C:\Users\Leon\Desktop\QUANT\Data_Center\Data\1_Pipeline
[INFO] TRADES_DATA_DIR = C:\Users\Leon\Desktop\QUANT\Data_Center\Data\1_Pipeline\Trades
[INFO] OUTPUT_DIR = C:\Users\Leon\Desktop\QUANT\Data_Center\Data\1_Pipeline\Trades\Live\account_530164208_LIVE
[OK] Connected: 530164208 | FTMO Challenge USD | FTMO-Server3 | LIVE
[DEBUG] history_deals_get dt_from=2025-06-01T08:13:03.909748+00:00 dt_to=2026-06-01T08:13:03.909748+00:00 deals=1369
[DEBUG] backfill closed_trades_found=683
[DEBUG]      position_id  symbol  ...       tp close_ticket
673    153077527  USDJPY  ...  159.813    144238464
674    153533184  EURUSD  ...  1.16491    144438722
675    153414154  AUDJPY  ...  114.666    144586813
676    153454753  USDJPY  ...  160.155    144586789
677    153385268  EURGBP  ...  0.86298    144586827
678    153771844  AUDJPY  ...  114.474    144936914
679    153773637  EURGBP  ...  0.86443    144936915
680    154162384  EURUSD  ...  1.16563    145037874
681    154145364  EURGBP  ...  0.86511    145250074
682    154366833  USDJPY  ...  160.154    145250067

[10 rows x 7 columns]
[DEBUG] rows_to_upsert=683
[DEBUG] existing_close_tickets_before=0
[DB][LIVE][FTMO-Server3] changed=683 -> C:\Users\Leon\Desktop\QUANT\Data_Center\Data\1_Pipeline\Trades\live\account_530164208_LIVE\closed_trades.db
[OK] Backfill done. Folder: C:\Users\Leon\Desktop\QUANT\Data_Center\Data\1_Pipeline\Trades\Live\account_530164208_LIVE | account_type=LIVE | server=FTMO-Server3
[OK] DB rows: 683
[OK] DB max close_time_utc: 2026-05-29T23:45:00+00:00
[OK] Open positions DB: C:\Users\Leon\Desktop\QUANT\Data_Center\Data\1_Pipeline\Trades\live\account_530164208_LIVE\open_positions_current.db
[INFO] Polling every 60s. Account=530164208 | Type=LIVE | Server=FTMO-Server3. Stop with CTRL+C.
[DEBUG] positions_get open_positions=3
[DEBUG] open_positions_current active=3 | upsert_changed=3 | deleted_closed=0 | db=C:\Users\Leon\Desktop\QUANT\Data_Center\Data\1_Pipeline\Trades\live\account_530164208_LIVE\open_positions_current.db
[DEBUG] history_deals_get dt_from=2026-06-01T08:03:03.909748+00:00 dt_to=2026-06-01T08:13:04.979696+00:00 deals=0
[DEBUG] recent_exit_position_ids=0
[DEBUG] rebuilt_closed_trades=0
[DEBUG] rows_to_upsert=0
[LOOP] 2026-06-01T08:13:04+00:00 | db_changed=3 | account_type=LIVE | server=FTMO-Server3 | max_close_time_utc=2026-05-29T23:45:00+00:00
[DEBUG] positions_get open_positions=0
[DEBUG] open_positions_current active=0 | upsert_changed=0 | deleted_closed=3 | db=C:\Users\Leon\Desktop\QUANT\Data_Center\Data\1_Pipeline\Trades\live\account_530164208_LIVE\open_positions_current.db
[DEBUG] history_deals_get dt_from=2026-06-01T08:08:04.979696+00:00 dt_to=2026-06-01T08:14:05.041139+00:00 deals=0
[DEBUG] recent_exit_position_ids=0
[DEBUG] rebuilt_closed_trades=0
[DEBUG] rows_to_upsert=0
[LOOP] 2026-06-01T08:14:04+00:00 | db_changed=3 | account_type=LIVE | server=FTMO-Server3 | max_close_time_utc=2026-05-29T23:45:00+00:00
[DEBUG] positions_get open_positions=0
[DEBUG] open_positions_current active=0 | upsert_changed=0 | deleted_closed=0 | db=C:\Users\Leon\Desktop\QUANT\Data_Center\Data\1_Pipeline\Trades\live\account_530164208_LIVE\open_positions_current.db
[DEBUG] history_deals_get dt_from=2026-06-01T08:09:05.041139+00:00 dt_to=2026-06-01T08:15:05.055244+00:00 deals=0
[DEBUG] recent_exit_position_ids=0
[DEBUG] rebuilt_closed_trades=0
[DEBUG] rows_to_upsert=0
[LOOP] 2026-06-01T08:15:05+00:00 | no db changes | account_type=LIVE | server=FTMO-Server3 | max_close_time_utc=2026-05-29T23:45:00+00:00
[DEBUG] positions_get open_positions=0
[DEBUG] open_positions_current active=0 | upsert_changed=0 | deleted_closed=0 | db=C:\Users\Leon\Desktop\QUANT\Data_Center\Data\1_Pipeline\Trades\live\account_530164208_LIVE\open_positions_current.db
[DEBUG] history_deals_get dt_from=2026-06-01T08:10:05.055244+00:00 dt_to=2026-06-01T08:16:05.066706+00:00 deals=0
[DEBUG] recent_exit_position_ids=0
[DEBUG] rebuilt_closed_trades=0
[DEBUG] rows_to_upsert=0
[LOOP] 2026-06-01T08:16:05+00:00 | no db changes | account_type=LIVE | server=FTMO-Server3 | max_close_time_utc=2026-05-29T23:45:00+00:00
[DEBUG] positions_get open_positions=0
[DEBUG] open_positions_current active=0 | upsert_changed=0 | deleted_closed=0 | db=C:\Users\Leon\Desktop\QUANT\Data_Center\Data\1_Pipeline\Trades\live\account_530164208_LIVE\open_positions_current.db
[DEBUG] history_deals_get dt_from=2026-06-01T08:11:05.066706+00:00 dt_to=2026-06-01T08:17:05.126152+00:00 deals=0
[DEBUG] recent_exit_position_ids=0
[DEBUG] rebuilt_closed_trades=0
[DEBUG] rows_to_upsert=0
[LOOP] 2026-06-01T08:17:05+00:00 | no db changes | account_type=LIVE | server=FTMO-Server3 | max_close_time_utc=2026-05-29T23:45:00+00:00
[DEBUG] positions_get open_positions=0
[DEBUG] open_positions_current active=0 | upsert_changed=0 | deleted_closed=0 | db=C:\Users\Leon\Desktop\QUANT\Data_Center\Data\1_Pipeline\Trades\live\account_530164208_LIVE\open_positions_current.db
[DEBUG] history_deals_get dt_from=2026-06-01T08:12:05.126152+00:00 dt_to=2026-06-01T08:18:05.189813+00:00 deals=0
[DEBUG] recent_exit_position_ids=0
[DEBUG] rebuilt_closed_trades=0
[DEBUG] rows_to_upsert=0
[LOOP] 2026-06-01T08:18:05+00:00 | no db changes | account_type=LIVE | server=FTMO-Server3 | max_close_time_utc=2026-05-29T23:45:00+00:00
[DEBUG] positions_get open_positions=0
[DEBUG] open_positions_current active=0 | upsert_changed=0 | deleted_closed=0 | db=C:\Users\Leon\Desktop\QUANT\Data_Center\Data\1_Pipeline\Trades\live\account_530164208_LIVE\open_positions_current.db
[DEBUG] history_deals_get dt_from=2026-06-01T08:13:05.189813+00:00 dt_to=2026-06-01T08:19:05.252900+00:00 deals=0
[DEBUG] recent_exit_position_ids=0
[DEBUG] rebuilt_closed_trades=0
[DEBUG] rows_to_upsert=0
[LOOP] 2026-06-01T08:19:05+00:00 | no db changes | account_type=LIVE | server=FTMO-Server3 | max_close_time_utc=2026-05-29T23:45:00+00:00
[DEBUG] positions_get open_positions=0
[DEBUG] open_positions_current active=0 | upsert_changed=0 | deleted_closed=0 | db=C:\Users\Leon\Desktop\QUANT\Data_Center\Data\1_Pipeline\Trades\live\account_530164208_LIVE\open_positions_current.db
[DEBUG] history_deals_get dt_from=2026-06-01T08:14:05.252900+00:00 dt_to=2026-06-01T08:20:05.314970+00:00 deals=0
[DEBUG] recent_exit_position_ids=0
[DEBUG] rebuilt_closed_trades=0
[DEBUG] rows_to_upsert=0
[LOOP] 2026-06-01T08:20:05+00:00 | no db changes | account_type=LIVE | server=FTMO-Server3 | max_close_time_utc=2026-05-29T23:45:00+00:00
[DEBUG] positions_get open_positions=0
[DEBUG] open_positions_current active=0 | upsert_changed=0 | deleted_closed=0 | db=C:\Users\Leon\Desktop\QUANT\Data_Center\Data\1_Pipeline\Trades\live\account_530164208_LIVE\open_positions_current.db
[DEBUG] history_deals_get dt_from=2026-06-01T08:15:05.314970+00:00 dt_to=2026-06-01T08:21:05.377691+00:00 deals=0
[DEBUG] recent_exit_position_ids=0
[DEBUG] rebuilt_closed_trades=0
[DEBUG] rows_to_upsert=0
[LOOP] 2026-06-01T08:21:05+00:00 | no db changes | account_type=LIVE | server=FTMO-Server3 | max_close_time_utc=2026-05-29T23:45:00+00:00
[DEBUG] positions_get open_positions=0
[DEBUG] open_positions_current active=0 | upsert_changed=0 | deleted_closed=0 | db=C:\Users\Leon\Desktop\QUANT\Data_Center\Data\1_Pipeline\Trades\live\account_530164208_LIVE\open_positions_current.db
[DEBUG] history_deals_get dt_from=2026-06-01T08:16:05.377691+00:00 dt_to=2026-06-01T08:22:05.443069+00:00 deals=0
[DEBUG] recent_exit_position_ids=0
[DEBUG] rebuilt_closed_trades=0
[DEBUG] rows_to_upsert=0
[LOOP] 2026-06-01T08:22:05+00:00 | no db changes | account_type=LIVE | server=FTMO-Server3 | max_close_time_utc=2026-05-29T23:45:00+00:00
[DEBUG] positions_get open_positions=0
[DEBUG] open_positions_current active=0 | upsert_changed=0 | deleted_closed=0 | db=C:\Users\Leon\Desktop\QUANT\Data_Center\Data\1_Pipeline\Trades\live\account_530164208_LIVE\open_positions_current.db
[DEBUG] history_deals_get dt_from=2026-06-01T08:17:05.443069+00:00 dt_to=2026-06-01T08:23:05.456707+00:00 deals=0
[DEBUG] recent_exit_position_ids=0
[DEBUG] rebuilt_closed_trades=0
[DEBUG] rows_to_upsert=0
[LOOP] 2026-06-01T08:23:05+00:00 | no db changes | account_type=LIVE | server=FTMO-Server3 | max_close_time_utc=2026-05-29T23:45:00+00:00
[DEBUG] positions_get open_positions=0
[DEBUG] open_positions_current active=0 | upsert_changed=0 | deleted_closed=0 | db=C:\Users\Leon\Desktop\QUANT\Data_Center\Data\1_Pipeline\Trades\live\account_530164208_LIVE\open_positions_current.db
[DEBUG] history_deals_get dt_from=2026-06-01T08:18:05.456707+00:00 dt_to=2026-06-01T08:24:05.472053+00:00 deals=0
[DEBUG] recent_exit_position_ids=0
[DEBUG] rebuilt_closed_trades=0
[DEBUG] rows_to_upsert=0
[LOOP] 2026-06-01T08:24:05+00:00 | no db changes | account_type=LIVE | server=FTMO-Server3 | max_close_time_utc=2026-05-29T23:45:00+00:00
[DEBUG] positions_get open_positions=0
[DEBUG] open_positions_current active=0 | upsert_changed=0 | deleted_closed=0 | db=C:\Users\Leon\Desktop\QUANT\Data_Center\Data\1_Pipeline\Trades\live\account_530164208_LIVE\open_positions_current.db
[DEBUG] history_deals_get dt_from=2026-06-01T08:19:05.472053+00:00 dt_to=2026-06-01T08:25:05.494473+00:00 deals=0
[DEBUG] recent_exit_position_ids=0
[DEBUG] rebuilt_closed_trades=0
[DEBUG] rows_to_upsert=0
[LOOP] 2026-06-01T08:25:05+00:00 | no db changes | account_type=LIVE | server=FTMO-Server3 | max_close_time_utc=2026-05-29T23:45:00+00:00
[DEBUG] positions_get open_positions=0
[DEBUG] open_positions_current active=0 | upsert_changed=0 | deleted_closed=0 | db=C:\Users\Leon\Desktop\QUANT\Data_Center\Data\1_Pipeline\Trades\live\account_530164208_LIVE\open_positions_current.db
[DEBUG] history_deals_get dt_from=2026-06-01T08:20:05.494473+00:00 dt_to=2026-06-01T08:26:05.506704+00:00 deals=0
[DEBUG] recent_exit_position_ids=0
[DEBUG] rebuilt_closed_trades=0
[DEBUG] rows_to_upsert=0
[LOOP] 2026-06-01T08:26:05+00:00 | no db changes | account_type=LIVE | server=FTMO-Server3 | max_close_time_utc=2026-05-29T23:45:00+00:00
[DEBUG] positions_get open_positions=0
[DEBUG] open_positions_current active=0 | upsert_changed=0 | deleted_closed=0 | db=C:\Users\Leon\Desktop\QUANT\Data_Center\Data\1_Pipeline\Trades\live\account_530164208_LIVE\open_positions_current.db
[DEBUG] history_deals_get dt_from=2026-06-01T08:21:05.506704+00:00 dt_to=2026-06-01T08:27:05.522716+00:00 deals=0
[DEBUG] recent_exit_position_ids=0
[DEBUG] rebuilt_closed_trades=0
[DEBUG] rows_to_upsert=0
[LOOP] 2026-06-01T08:27:05+00:00 | no db changes | account_type=LIVE | server=FTMO-Server3 | max_close_time_utc=2026-05-29T23:45:00+00:00
[DEBUG] positions_get open_positions=0
[DEBUG] open_positions_current active=0 | upsert_changed=0 | deleted_closed=0 | db=C:\Users\Leon\Desktop\QUANT\Data_Center\Data\1_Pipeline\Trades\live\account_530164208_LIVE\open_positions_current.db
[DEBUG] history_deals_get dt_from=2026-06-01T08:22:05.522716+00:00 dt_to=2026-06-01T08:28:05.538177+00:00 deals=0
[DEBUG] recent_exit_position_ids=0
[DEBUG] rebuilt_closed_trades=0
[DEBUG] rows_to_upsert=0
[LOOP] 2026-06-01T08:28:05+00:00 | no db changes | account_type=LIVE | server=FTMO-Server3 | max_close_time_utc=2026-05-29T23:45:00+00:00
[DEBUG] positions_get open_positions=0
[DEBUG] open_positions_current active=0 | upsert_changed=0 | deleted_closed=0 | db=C:\Users\Leon\Desktop\QUANT\Data_Center\Data\1_Pipeline\Trades\live\account_530164208_LIVE\open_positions_current.db
[DEBUG] history_deals_get dt_from=2026-06-01T08:23:05.538177+00:00 dt_to=2026-06-01T08:29:05.549547+00:00 deals=0
[DEBUG] recent_exit_position_ids=0
[DEBUG] rebuilt_closed_trades=0
[DEBUG] rows_to_upsert=0
[LOOP] 2026-06-01T08:29:05+00:00 | no db changes | account_type=LIVE | server=FTMO-Server3 | max_close_time_utc=2026-05-29T23:45:00+00:00
[DEBUG] positions_get open_positions=0
[DEBUG] open_positions_current active=0 | upsert_changed=0 | deleted_closed=0 | db=C:\Users\Leon\Desktop\QUANT\Data_Center\Data\1_Pipeline\Trades\live\account_530164208_LIVE\open_positions_current.db
[DEBUG] history_deals_get dt_from=2026-06-01T08:24:05.549547+00:00 dt_to=2026-06-01T08:30:05.614759+00:00 deals=0
[DEBUG] recent_exit_position_ids=0
[DEBUG] rebuilt_closed_trades=0
[DEBUG] rows_to_upsert=0
[LOOP] 2026-06-01T08:30:05+00:00 | no db changes | account_type=LIVE | server=FTMO-Server3 | max_close_time_utc=2026-05-29T23:45:00+00:00
[DEBUG] positions_get open_positions=0
[DEBUG] open_positions_current active=0 | upsert_changed=0 | deleted_closed=0 | db=C:\Users\Leon\Desktop\QUANT\Data_Center\Data\1_Pipeline\Trades\live\account_530164208_LIVE\open_positions_current.db
[DEBUG] history_deals_get dt_from=2026-06-01T08:25:05.614759+00:00 dt_to=2026-06-01T08:31:05.676915+00:00 deals=0
[DEBUG] recent_exit_position_ids=0
[DEBUG] rebuilt_closed_trades=0
[DEBUG] rows_to_upsert=0
[LOOP] 2026-06-01T08:31:05+00:00 | no db changes | account_type=LIVE | server=FTMO-Server3 | max_close_time_utc=2026-05-29T23:45:00+00:00
[DEBUG] positions_get open_positions=0
[DEBUG] open_positions_current active=0 | upsert_changed=0 | deleted_closed=0 | db=C:\Users\Leon\Desktop\QUANT\Data_Center\Data\1_Pipeline\Trades\live\account_530164208_LIVE\open_positions_current.db
[DEBUG] history_deals_get dt_from=2026-06-01T08:26:05.676915+00:00 dt_to=2026-06-01T08:32:05.689178+00:00 deals=0
[DEBUG] recent_exit_position_ids=0
[DEBUG] rebuilt_closed_trades=0
[DEBUG] rows_to_upsert=0
[LOOP] 2026-06-01T08:32:05+00:00 | no db changes | account_type=LIVE | server=FTMO-Server3 | max_close_time_utc=2026-05-29T23:45:00+00:00
[DEBUG] positions_get open_positions=0
[DEBUG] open_positions_current active=0 | upsert_changed=0 | deleted_closed=0 | db=C:\Users\Leon\Desktop\QUANT\Data_Center\Data\1_Pipeline\Trades\live\account_530164208_LIVE\open_positions_current.db
[DEBUG] history_deals_get dt_from=2026-06-01T08:27:05.689178+00:00 dt_to=2026-06-01T08:33:05.753000+00:00 deals=0
[DEBUG] recent_exit_position_ids=0
[DEBUG] rebuilt_closed_trades=0
[DEBUG] rows_to_upsert=0
[LOOP] 2026-06-01T08:33:05+00:00 | no db changes | account_type=LIVE | server=FTMO-Server3 | max_close_time_utc=2026-05-29T23:45:00+00:00
[DEBUG] positions_get open_positions=0
[DEBUG] open_positions_current active=0 | upsert_changed=0 | deleted_closed=0 | db=C:\Users\Leon\Desktop\QUANT\Data_Center\Data\1_Pipeline\Trades\live\account_530164208_LIVE\open_positions_current.db
[DEBUG] history_deals_get dt_from=2026-06-01T08:28:05.753000+00:00 dt_to=2026-06-01T08:34:05.766060+00:00 deals=0
[DEBUG] recent_exit_position_ids=0
[DEBUG] rebuilt_closed_trades=0
[DEBUG] rows_to_upsert=0
[LOOP] 2026-06-01T08:34:05+00:00 | no db changes | account_type=LIVE | server=FTMO-Server3 | max_close_time_utc=2026-05-29T23:45:00+00:00
[DEBUG] positions_get open_positions=0
[DEBUG] open_positions_current active=0 | upsert_changed=0 | deleted_closed=0 | db=C:\Users\Leon\Desktop\QUANT\Data_Center\Data\1_Pipeline\Trades\live\account_530164208_LIVE\open_positions_current.db
[DEBUG] history_deals_get dt_from=2026-06-01T08:29:05.766060+00:00 dt_to=2026-06-01T08:35:05.780455+00:00 deals=0
[DEBUG] recent_exit_position_ids=0
[DEBUG] rebuilt_closed_trades=0
[DEBUG] rows_to_upsert=0
[LOOP] 2026-06-01T08:35:05+00:00 | no db changes | account_type=LIVE | server=FTMO-Server3 | max_close_time_utc=2026-05-29T23:45:00+00:00
[DEBUG] positions_get open_positions=0
[DEBUG] open_positions_current active=0 | upsert_changed=0 | deleted_closed=0 | db=C:\Users\Leon\Desktop\QUANT\Data_Center\Data\1_Pipeline\Trades\live\account_530164208_LIVE\open_positions_current.db
[DEBUG] history_deals_get dt_from=2026-06-01T08:30:05.780455+00:00 dt_to=2026-06-01T08:36:05.844733+00:00 deals=0
[DEBUG] recent_exit_position_ids=0
[DEBUG] rebuilt_closed_trades=0
[DEBUG] rows_to_upsert=0
[LOOP] 2026-06-01T08:36:05+00:00 | no db changes | account_type=LIVE | server=FTMO-Server3 | max_close_time_utc=2026-05-29T23:45:00+00:00
[DEBUG] positions_get open_positions=0
[DEBUG] open_positions_current active=0 | upsert_changed=0 | deleted_closed=0 | db=C:\Users\Leon\Desktop\QUANT\Data_Center\Data\1_Pipeline\Trades\live\account_530164208_LIVE\open_positions_current.db
[DEBUG] history_deals_get dt_from=2026-06-01T08:31:05.844733+00:00 dt_to=2026-06-01T08:37:05.908781+00:00 deals=0
[DEBUG] recent_exit_position_ids=0
[DEBUG] rebuilt_closed_trades=0
[DEBUG] rows_to_upsert=0
[LOOP] 2026-06-01T08:37:05+00:00 | no db changes | account_type=LIVE | server=FTMO-Server3 | max_close_time_utc=2026-05-29T23:45:00+00:00
[DEBUG] positions_get open_positions=0
[DEBUG] open_positions_current active=0 | upsert_changed=0 | deleted_closed=0 | db=C:\Users\Leon\Desktop\QUANT\Data_Center\Data\1_Pipeline\Trades\live\account_530164208_LIVE\open_positions_current.db
[DEBUG] history_deals_get dt_from=2026-06-01T08:32:05.908781+00:00 dt_to=2026-06-01T08:38:05.970918+00:00 deals=0
[DEBUG] recent_exit_position_ids=0
[DEBUG] rebuilt_closed_trades=0
[DEBUG] rows_to_upsert=0
[LOOP] 2026-06-01T08:38:05+00:00 | no db changes | account_type=LIVE | server=FTMO-Server3 | max_close_time_utc=2026-05-29T23:45:00+00:00
[DEBUG] positions_get open_positions=0
[DEBUG] open_positions_current active=0 | upsert_changed=0 | deleted_closed=0 | db=C:\Users\Leon\Desktop\QUANT\Data_Center\Data\1_Pipeline\Trades\live\account_530164208_LIVE\open_positions_current.db
[DEBUG] history_deals_get dt_from=2026-06-01T08:33:05.970918+00:00 dt_to=2026-06-01T08:39:06.036113+00:00 deals=0
[DEBUG] recent_exit_position_ids=0
[DEBUG] rebuilt_closed_trades=0
[DEBUG] rows_to_upsert=0
[LOOP] 2026-06-01T08:39:05+00:00 | no db changes | account_type=LIVE | server=FTMO-Server3 | max_close_time_utc=2026-05-29T23:45:00+00:00
[DEBUG] positions_get open_positions=0
[DEBUG] open_positions_current active=0 | upsert_changed=0 | deleted_closed=0 | db=C:\Users\Leon\Desktop\QUANT\Data_Center\Data\1_Pipeline\Trades\live\account_530164208_LIVE\open_positions_current.db
[DEBUG] history_deals_get dt_from=2026-06-01T08:34:06.036113+00:00 dt_to=2026-06-01T08:40:06.051154+00:00 deals=0
[DEBUG] recent_exit_position_ids=0
[DEBUG] rebuilt_closed_trades=0
[DEBUG] rows_to_upsert=0
[LOOP] 2026-06-01T08:40:06+00:00 | no db changes | account_type=LIVE | server=FTMO-Server3 | max_close_time_utc=2026-05-29T23:45:00+00:00
[DEBUG] positions_get open_positions=0
[DEBUG] open_positions_current active=0 | upsert_changed=0 | deleted_closed=0 | db=C:\Users\Leon\Desktop\QUANT\Data_Center\Data\1_Pipeline\Trades\live\account_530164208_LIVE\open_positions_current.db
[DEBUG] history_deals_get dt_from=2026-06-01T08:35:06.051154+00:00 dt_to=2026-06-01T08:41:06.115856+00:00 deals=0
[DEBUG] recent_exit_position_ids=0
[DEBUG] rebuilt_closed_trades=0
[DEBUG] rows_to_upsert=0
[LOOP] 2026-06-01T08:41:06+00:00 | no db changes | account_type=LIVE | server=FTMO-Server3 | max_close_time_utc=2026-05-29T23:45:00+00:00
[DEBUG] positions_get open_positions=0
[DEBUG] open_positions_current active=0 | upsert_changed=0 | deleted_closed=0 | db=C:\Users\Leon\Desktop\QUANT\Data_Center\Data\1_Pipeline\Trades\live\account_530164208_LIVE\open_positions_current.db
[DEBUG] history_deals_get dt_from=2026-06-01T08:36:06.115856+00:00 dt_to=2026-06-01T08:42:06.182564+00:00 deals=0
[DEBUG] recent_exit_position_ids=0
[DEBUG] rebuilt_closed_trades=0
[DEBUG] rows_to_upsert=0
[LOOP] 2026-06-01T08:42:06+00:00 | no db changes | account_type=LIVE | server=FTMO-Server3 | max_close_time_utc=2026-05-29T23:45:00+00:00
[DEBUG] positions_get open_positions=0
[DEBUG] open_positions_current active=0 | upsert_changed=0 | deleted_closed=0 | db=C:\Users\Leon\Desktop\QUANT\Data_Center\Data\1_Pipeline\Trades\live\account_530164208_LIVE\open_positions_current.db
[DEBUG] history_deals_get dt_from=2026-06-01T08:37:06.182564+00:00 dt_to=2026-06-01T08:43:06.201023+00:00 deals=0
[DEBUG] recent_exit_position_ids=0
[DEBUG] rebuilt_closed_trades=0
[DEBUG] rows_to_upsert=0
[LOOP] 2026-06-01T08:43:06+00:00 | no db changes | account_type=LIVE | server=FTMO-Server3 | max_close_time_utc=2026-05-29T23:45:00+00:00
[DEBUG] positions_get open_positions=0
[DEBUG] open_positions_current active=0 | upsert_changed=0 | deleted_closed=0 | db=C:\Users\Leon\Desktop\QUANT\Data_Center\Data\1_Pipeline\Trades\live\account_530164208_LIVE\open_positions_current.db
[DEBUG] history_deals_get dt_from=2026-06-01T08:38:06.201023+00:00 dt_to=2026-06-01T08:44:06.216177+00:00 deals=0
[DEBUG] recent_exit_position_ids=0
[DEBUG] rebuilt_closed_trades=0
[DEBUG] rows_to_upsert=0
[LOOP] 2026-06-01T08:44:06+00:00 | no db changes | account_type=LIVE | server=FTMO-Server3 | max_close_time_utc=2026-05-29T23:45:00+00:00
[DEBUG] positions_get open_positions=0
[DEBUG] open_positions_current active=0 | upsert_changed=0 | deleted_closed=0 | db=C:\Users\Leon\Desktop\QUANT\Data_Center\Data\1_Pipeline\Trades\live\account_530164208_LIVE\open_positions_current.db
[DEBUG] history_deals_get dt_from=2026-06-01T08:39:06.216177+00:00 dt_to=2026-06-01T08:45:06.229309+00:00 deals=0
[DEBUG] recent_exit_position_ids=0
[DEBUG] rebuilt_closed_trades=0
[DEBUG] rows_to_upsert=0
[LOOP] 2026-06-01T08:45:06+00:00 | no db changes | account_type=LIVE | server=FTMO-Server3 | max_close_time_utc=2026-05-29T23:45:00+00:00
[DEBUG] positions_get open_positions=0
[DEBUG] open_positions_current active=0 | upsert_changed=0 | deleted_closed=0 | db=C:\Users\Leon\Desktop\QUANT\Data_Center\Data\1_Pipeline\Trades\live\account_530164208_LIVE\open_positions_current.db
[DEBUG] history_deals_get dt_from=2026-06-01T08:40:06.229309+00:00 dt_to=2026-06-01T08:46:06.293754+00:00 deals=0
[DEBUG] recent_exit_position_ids=0
[DEBUG] rebuilt_closed_trades=0
[DEBUG] rows_to_upsert=0
[LOOP] 2026-06-01T08:46:06+00:00 | no db changes | account_type=LIVE | server=FTMO-Server3 | max_close_time_utc=2026-05-29T23:45:00+00:00
[DEBUG] positions_get open_positions=0
[DEBUG] open_positions_current active=0 | upsert_changed=0 | deleted_closed=0 | db=C:\Users\Leon\Desktop\QUANT\Data_Center\Data\1_Pipeline\Trades\live\account_530164208_LIVE\open_positions_current.db
[DEBUG] history_deals_get dt_from=2026-06-01T08:41:06.293754+00:00 dt_to=2026-06-01T08:47:06.310486+00:00 deals=0
[DEBUG] recent_exit_position_ids=0
[DEBUG] rebuilt_closed_trades=0
[DEBUG] rows_to_upsert=0
[LOOP] 2026-06-01T08:47:06+00:00 | no db changes | account_type=LIVE | server=FTMO-Server3 | max_close_time_utc=2026-05-29T23:45:00+00:00
[DEBUG] positions_get open_positions=0
[DEBUG] open_positions_current active=0 | upsert_changed=0 | deleted_closed=0 | db=C:\Users\Leon\Desktop\QUANT\Data_Center\Data\1_Pipeline\Trades\live\account_530164208_LIVE\open_positions_current.db
[DEBUG] history_deals_get dt_from=2026-06-01T08:42:06.310486+00:00 dt_to=2026-06-01T08:48:06.372329+00:00 deals=0
[DEBUG] recent_exit_position_ids=0
[DEBUG] rebuilt_closed_trades=0
[DEBUG] rows_to_upsert=0
[LOOP] 2026-06-01T08:48:06+00:00 | no db changes | account_type=LIVE | server=FTMO-Server3 | max_close_time_utc=2026-05-29T23:45:00+00:00
[DEBUG] positions_get open_positions=0
[DEBUG] open_positions_current active=0 | upsert_changed=0 | deleted_closed=0 | db=C:\Users\Leon\Desktop\QUANT\Data_Center\Data\1_Pipeline\Trades\live\account_530164208_LIVE\open_positions_current.db
[DEBUG] history_deals_get dt_from=2026-06-01T08:43:06.372329+00:00 dt_to=2026-06-01T08:49:06.386557+00:00 deals=0
[DEBUG] recent_exit_position_ids=0
[DEBUG] rebuilt_closed_trades=0
[DEBUG] rows_to_upsert=0
[LOOP] 2026-06-01T08:49:06+00:00 | no db changes | account_type=LIVE | server=FTMO-Server3 | max_close_time_utc=2026-05-29T23:45:00+00:00
[DEBUG] positions_get open_positions=0
[DEBUG] open_positions_current active=0 | upsert_changed=0 | deleted_closed=0 | db=C:\Users\Leon\Desktop\QUANT\Data_Center\Data\1_Pipeline\Trades\live\account_530164208_LIVE\open_positions_current.db
[DEBUG] history_deals_get dt_from=2026-06-01T08:44:06.386557+00:00 dt_to=2026-06-01T08:50:06.399614+00:00 deals=0
[DEBUG] recent_exit_position_ids=0
[DEBUG] rebuilt_closed_trades=0
[DEBUG] rows_to_upsert=0
[LOOP] 2026-06-01T08:50:06+00:00 | no db changes | account_type=LIVE | server=FTMO-Server3 | max_close_time_utc=2026-05-29T23:45:00+00:00
[DEBUG] positions_get open_positions=0
[DEBUG] open_positions_current active=0 | upsert_changed=0 | deleted_closed=0 | db=C:\Users\Leon\Desktop\QUANT\Data_Center\Data\1_Pipeline\Trades\live\account_530164208_LIVE\open_positions_current.db
[DEBUG] history_deals_get dt_from=2026-06-01T08:45:06.399614+00:00 dt_to=2026-06-01T08:51:06.411624+00:00 deals=0
[DEBUG] recent_exit_position_ids=0
[DEBUG] rebuilt_closed_trades=0
[DEBUG] rows_to_upsert=0
[LOOP] 2026-06-01T08:51:06+00:00 | no db changes | account_type=LIVE | server=FTMO-Server3 | max_close_time_utc=2026-05-29T23:45:00+00:00
[DEBUG] positions_get open_positions=0
[DEBUG] open_positions_current active=0 | upsert_changed=0 | deleted_closed=0 | db=C:\Users\Leon\Desktop\QUANT\Data_Center\Data\1_Pipeline\Trades\live\account_530164208_LIVE\open_positions_current.db
[DEBUG] history_deals_get dt_from=2026-06-01T08:46:06.411624+00:00 dt_to=2026-06-01T08:52:06.423766+00:00 deals=0
[DEBUG] recent_exit_position_ids=0
[DEBUG] rebuilt_closed_trades=0
[DEBUG] rows_to_upsert=0
[LOOP] 2026-06-01T08:52:06+00:00 | no db changes | account_type=LIVE | server=FTMO-Server3 | max_close_time_utc=2026-05-29T23:45:00+00:00
[DEBUG] positions_get open_positions=0
[DEBUG] open_positions_current active=0 | upsert_changed=0 | deleted_closed=0 | db=C:\Users\Leon\Desktop\QUANT\Data_Center\Data\1_Pipeline\Trades\live\account_530164208_LIVE\open_positions_current.db
[DEBUG] history_deals_get dt_from=2026-06-01T08:47:06.423766+00:00 dt_to=2026-06-01T08:53:06.434641+00:00 deals=0
[DEBUG] recent_exit_position_ids=0
[DEBUG] rebuilt_closed_trades=0
[DEBUG] rows_to_upsert=0
[LOOP] 2026-06-01T08:53:06+00:00 | no db changes | account_type=LIVE | server=FTMO-Server3 | max_close_time_utc=2026-05-29T23:45:00+00:00
[DEBUG] positions_get open_positions=0
[DEBUG] open_positions_current active=0 | upsert_changed=0 | deleted_closed=0 | db=C:\Users\Leon\Desktop\QUANT\Data_Center\Data\1_Pipeline\Trades\live\account_530164208_LIVE\open_positions_current.db
[DEBUG] history_deals_get dt_from=2026-06-01T08:48:06.434641+00:00 dt_to=2026-06-01T08:54:06.449321+00:00 deals=0
[DEBUG] recent_exit_position_ids=0
[DEBUG] rebuilt_closed_trades=0
[DEBUG] rows_to_upsert=0
[LOOP] 2026-06-01T08:54:06+00:00 | no db changes | account_type=LIVE | server=FTMO-Server3 | max_close_time_utc=2026-05-29T23:45:00+00:00
[DEBUG] positions_get open_positions=0
[DEBUG] open_positions_current active=0 | upsert_changed=0 | deleted_closed=0 | db=C:\Users\Leon\Desktop\QUANT\Data_Center\Data\1_Pipeline\Trades\live\account_530164208_LIVE\open_positions_current.db
[DEBUG] history_deals_get dt_from=2026-06-01T08:49:06.449321+00:00 dt_to=2026-06-01T08:55:06.516793+00:00 deals=0
[DEBUG] recent_exit_position_ids=0
[DEBUG] rebuilt_closed_trades=0
[DEBUG] rows_to_upsert=0
[LOOP] 2026-06-01T08:55:06+00:00 | no db changes | account_type=LIVE | server=FTMO-Server3 | max_close_time_utc=2026-05-29T23:45:00+00:00
[DEBUG] positions_get open_positions=0
[DEBUG] open_positions_current active=0 | upsert_changed=0 | deleted_closed=0 | db=C:\Users\Leon\Desktop\QUANT\Data_Center\Data\1_Pipeline\Trades\live\account_530164208_LIVE\open_positions_current.db
[DEBUG] history_deals_get dt_from=2026-06-01T08:50:06.516793+00:00 dt_to=2026-06-01T08:56:06.551192+00:00 deals=0
[DEBUG] recent_exit_position_ids=0
[DEBUG] rebuilt_closed_trades=0
[DEBUG] rows_to_upsert=0
[LOOP] 2026-06-01T08:56:06+00:00 | no db changes | account_type=LIVE | server=FTMO-Server3 | max_close_time_utc=2026-05-29T23:45:00+00:00
[DEBUG] positions_get open_positions=0
[DEBUG] open_positions_current active=0 | upsert_changed=0 | deleted_closed=0 | db=C:\Users\Leon\Desktop\QUANT\Data_Center\Data\1_Pipeline\Trades\live\account_530164208_LIVE\open_positions_current.db
[DEBUG] history_deals_get dt_from=2026-06-01T08:51:06.551192+00:00 dt_to=2026-06-01T08:57:06.613924+00:00 deals=0
[DEBUG] recent_exit_position_ids=0
[DEBUG] rebuilt_closed_trades=0
[DEBUG] rows_to_upsert=0
[LOOP] 2026-06-01T08:57:06+00:00 | no db changes | account_type=LIVE | server=FTMO-Server3 | max_close_time_utc=2026-05-29T23:45:00+00:00
[DEBUG] positions_get open_positions=0
[DEBUG] open_positions_current active=0 | upsert_changed=0 | deleted_closed=0 | db=C:\Users\Leon\Desktop\QUANT\Data_Center\Data\1_Pipeline\Trades\live\account_530164208_LIVE\open_positions_current.db
[DEBUG] history_deals_get dt_from=2026-06-01T08:52:06.613924+00:00 dt_to=2026-06-01T08:58:06.682067+00:00 deals=0
[DEBUG] recent_exit_position_ids=0
[DEBUG] rebuilt_closed_trades=0
[DEBUG] rows_to_upsert=0
[LOOP] 2026-06-01T08:58:06+00:00 | no db changes | account_type=LIVE | server=FTMO-Server3 | max_close_time_utc=2026-05-29T23:45:00+00:00
[DEBUG] positions_get open_positions=0
[DEBUG] open_positions_current active=0 | upsert_changed=0 | deleted_closed=0 | db=C:\Users\Leon\Desktop\QUANT\Data_Center\Data\1_Pipeline\Trades\live\account_530164208_LIVE\open_positions_current.db
[DEBUG] history_deals_get dt_from=2026-06-01T08:53:06.682067+00:00 dt_to=2026-06-01T08:59:06.697809+00:00 deals=0
[DEBUG] recent_exit_position_ids=0
[DEBUG] rebuilt_closed_trades=0
[DEBUG] rows_to_upsert=0
[LOOP] 2026-06-01T08:59:06+00:00 | no db changes | account_type=LIVE | server=FTMO-Server3 | max_close_time_utc=2026-05-29T23:45:00+00:00
[DEBUG] positions_get open_positions=0
[DEBUG] open_positions_current active=0 | upsert_changed=0 | deleted_closed=0 | db=C:\Users\Leon\Desktop\QUANT\Data_Center\Data\1_Pipeline\Trades\live\account_530164208_LIVE\open_positions_current.db
[DEBUG] history_deals_get dt_from=2026-06-01T08:54:06.697809+00:00 dt_to=2026-06-01T09:00:06.718872+00:00 deals=0
[DEBUG] recent_exit_position_ids=0
[DEBUG] rebuilt_closed_trades=0
[DEBUG] rows_to_upsert=0
[LOOP] 2026-06-01T09:00:06+00:00 | no db changes | account_type=LIVE | server=FTMO-Server3 | max_close_time_utc=2026-05-29T23:45:00+00:00
[DEBUG] positions_get open_positions=0
[DEBUG] open_positions_current active=0 | upsert_changed=0 | deleted_closed=0 | db=C:\Users\Leon\Desktop\QUANT\Data_Center\Data\1_Pipeline\Trades\live\account_530164208_LIVE\open_positions_current.db
[DEBUG] history_deals_get dt_from=2026-06-01T08:55:06.718872+00:00 dt_to=2026-06-01T10:33:38.194286+00:00 deals=0
[DEBUG] recent_exit_position_ids=0
[DEBUG] rebuilt_closed_trades=0
[DEBUG] rows_to_upsert=0
[LOOP] 2026-06-01T10:33:38+00:00 | no db changes | account_type=LIVE | server=FTMO-Server3 | max_close_time_utc=2026-05-29T23:45:00+00:00
[DEBUG] positions_get open_positions=0
[DEBUG] open_positions_current active=0 | upsert_changed=0 | deleted_closed=0 | db=C:\Users\Leon\Desktop\QUANT\Data_Center\Data\1_Pipeline\Trades\live\account_530164208_LIVE\open_positions_current.db
[DEBUG] history_deals_get dt_from=2026-06-01T10:28:38.194286+00:00 dt_to=2026-06-01T10:34:38.210810+00:00 deals=0
[DEBUG] recent_exit_position_ids=0
[DEBUG] rebuilt_closed_trades=0
[DEBUG] rows_to_upsert=0
[LOOP] 2026-06-01T10:34:38+00:00 | no db changes | account_type=LIVE | server=FTMO-Server3 | max_close_time_utc=2026-05-29T23:45:00+00:00
[DEBUG] positions_get open_positions=0
[DEBUG] open_positions_current active=0 | upsert_changed=0 | deleted_closed=0 | db=C:\Users\Leon\Desktop\QUANT\Data_Center\Data\1_Pipeline\Trades\live\account_530164208_LIVE\open_positions_current.db
[DEBUG] history_deals_get dt_from=2026-06-01T10:29:38.210810+00:00 dt_to=2026-06-01T10:35:38.273262+00:00 deals=0
[DEBUG] recent_exit_position_ids=0
[DEBUG] rebuilt_closed_trades=0
[DEBUG] rows_to_upsert=0
[LOOP] 2026-06-01T10:35:38+00:00 | no db changes | account_type=LIVE | server=FTMO-Server3 | max_close_time_utc=2026-05-29T23:45:00+00:00
[DEBUG] positions_get open_positions=0
[DEBUG] open_positions_current active=0 | upsert_changed=0 | deleted_closed=0 | db=C:\Users\Leon\Desktop\QUANT\Data_Center\Data\1_Pipeline\Trades\live\account_530164208_LIVE\open_positions_current.db
[DEBUG] history_deals_get dt_from=2026-06-01T10:30:38.273262+00:00 dt_to=2026-06-01T10:36:38.339151+00:00 deals=0
[DEBUG] recent_exit_position_ids=0
[DEBUG] rebuilt_closed_trades=0
[DEBUG] rows_to_upsert=0
[LOOP] 2026-06-01T10:36:38+00:00 | no db changes | account_type=LIVE | server=FTMO-Server3 | max_close_time_utc=2026-05-29T23:45:00+00:00
[DEBUG] positions_get open_positions=0
[DEBUG] open_positions_current active=0 | upsert_changed=0 | deleted_closed=0 | db=C:\Users\Leon\Desktop\QUANT\Data_Center\Data\1_Pipeline\Trades\live\account_530164208_LIVE\open_positions_current.db
[DEBUG] history_deals_get dt_from=2026-06-01T10:31:38.339151+00:00 dt_to=2026-06-01T10:37:38.353050+00:00 deals=0
[DEBUG] recent_exit_position_ids=0
[DEBUG] rebuilt_closed_trades=0
[DEBUG] rows_to_upsert=0
[LOOP] 2026-06-01T10:37:38+00:00 | no db changes | account_type=LIVE | server=FTMO-Server3 | max_close_time_utc=2026-05-29T23:45:00+00:00
[DEBUG] positions_get open_positions=0
[DEBUG] open_positions_current active=0 | upsert_changed=0 | deleted_closed=0 | db=C:\Users\Leon\Desktop\QUANT\Data_Center\Data\1_Pipeline\Trades\live\account_530164208_LIVE\open_positions_current.db
[DEBUG] history_deals_get dt_from=2026-06-01T10:32:38.353050+00:00 dt_to=2026-06-01T10:38:38.367203+00:00 deals=0
[DEBUG] recent_exit_position_ids=0
[DEBUG] rebuilt_closed_trades=0
[DEBUG] rows_to_upsert=0
[LOOP] 2026-06-01T10:38:38+00:00 | no db changes | account_type=LIVE | server=FTMO-Server3 | max_close_time_utc=2026-05-29T23:45:00+00:00
[DEBUG] positions_get open_positions=0
[DEBUG] open_positions_current active=0 | upsert_changed=0 | deleted_closed=0 | db=C:\Users\Leon\Desktop\QUANT\Data_Center\Data\1_Pipeline\Trades\live\account_530164208_LIVE\open_positions_current.db
[DEBUG] history_deals_get dt_from=2026-06-01T10:33:38.367203+00:00 dt_to=2026-06-01T10:39:38.432391+00:00 deals=0
[DEBUG] recent_exit_position_ids=0
[DEBUG] rebuilt_closed_trades=0
[DEBUG] rows_to_upsert=0
[LOOP] 2026-06-01T10:39:38+00:00 | no db changes | account_type=LIVE | server=FTMO-Server3 | max_close_time_utc=2026-05-29T23:45:00+00:00
[DEBUG] positions_get open_positions=0
[DEBUG] open_positions_current active=0 | upsert_changed=0 | deleted_closed=0 | db=C:\Users\Leon\Desktop\QUANT\Data_Center\Data\1_Pipeline\Trades\live\account_530164208_LIVE\open_positions_current.db
[DEBUG] history_deals_get dt_from=2026-06-01T10:34:38.432391+00:00 dt_to=2026-06-01T10:40:38.468516+00:00 deals=0
[DEBUG] recent_exit_position_ids=0
[DEBUG] rebuilt_closed_trades=0
[DEBUG] rows_to_upsert=0
[LOOP] 2026-06-01T10:40:38+00:00 | no db changes | account_type=LIVE | server=FTMO-Server3 | max_close_time_utc=2026-05-29T23:45:00+00:00
[DEBUG] positions_get open_positions=0
[DEBUG] open_positions_current active=0 | upsert_changed=0 | deleted_closed=0 | db=C:\Users\Leon\Desktop\QUANT\Data_Center\Data\1_Pipeline\Trades\live\account_530164208_LIVE\open_positions_current.db
[DEBUG] history_deals_get dt_from=2026-06-01T10:35:38.468516+00:00 dt_to=2026-06-01T10:41:38.530583+00:00 deals=0
[DEBUG] recent_exit_position_ids=0
[DEBUG] rebuilt_closed_trades=0
[DEBUG] rows_to_upsert=0
[LOOP] 2026-06-01T10:41:38+00:00 | no db changes | account_type=LIVE | server=FTMO-Server3 | max_close_time_utc=2026-05-29T23:45:00+00:00
[DEBUG] positions_get open_positions=0
[DEBUG] open_positions_current active=0 | upsert_changed=0 | deleted_closed=0 | db=C:\Users\Leon\Desktop\QUANT\Data_Center\Data\1_Pipeline\Trades\live\account_530164208_LIVE\open_positions_current.db
[DEBUG] history_deals_get dt_from=2026-06-01T10:36:38.530583+00:00 dt_to=2026-06-01T10:42:38.598381+00:00 deals=0
[DEBUG] recent_exit_position_ids=0
[DEBUG] rebuilt_closed_trades=0
[DEBUG] rows_to_upsert=0
[LOOP] 2026-06-01T10:42:38+00:00 | no db changes | account_type=LIVE | server=FTMO-Server3 | max_close_time_utc=2026-05-29T23:45:00+00:00
[DEBUG] positions_get open_positions=0
[DEBUG] open_positions_current active=0 | upsert_changed=0 | deleted_closed=0 | db=C:\Users\Leon\Desktop\QUANT\Data_Center\Data\1_Pipeline\Trades\live\account_530164208_LIVE\open_positions_current.db
[DEBUG] history_deals_get dt_from=2026-06-01T10:37:38.598381+00:00 dt_to=2026-06-01T10:43:38.665375+00:00 deals=0
[DEBUG] recent_exit_position_ids=0
[DEBUG] rebuilt_closed_trades=0
[DEBUG] rows_to_upsert=0
[LOOP] 2026-06-01T10:43:38+00:00 | no db changes | account_type=LIVE | server=FTMO-Server3 | max_close_time_utc=2026-05-29T23:45:00+00:00
[DEBUG] positions_get open_positions=0
[DEBUG] open_positions_current active=0 | upsert_changed=0 | deleted_closed=0 | db=C:\Users\Leon\Desktop\QUANT\Data_Center\Data\1_Pipeline\Trades\live\account_530164208_LIVE\open_positions_current.db
[DEBUG] history_deals_get dt_from=2026-06-01T10:38:38.665375+00:00 dt_to=2026-06-01T10:44:38.679075+00:00 deals=0
[DEBUG] recent_exit_position_ids=0
[DEBUG] rebuilt_closed_trades=0
[DEBUG] rows_to_upsert=0
[LOOP] 2026-06-01T10:44:38+00:00 | no db changes | account_type=LIVE | server=FTMO-Server3 | max_close_time_utc=2026-05-29T23:45:00+00:00
[DEBUG] positions_get open_positions=0
[DEBUG] open_positions_current active=0 | upsert_changed=0 | deleted_closed=0 | db=C:\Users\Leon\Desktop\QUANT\Data_Center\Data\1_Pipeline\Trades\live\account_530164208_LIVE\open_positions_current.db
[DEBUG] history_deals_get dt_from=2026-06-01T10:39:38.679075+00:00 dt_to=2026-06-01T10:45:38.696956+00:00 deals=0
[DEBUG] recent_exit_position_ids=0
[DEBUG] rebuilt_closed_trades=0
[DEBUG] rows_to_upsert=0
[LOOP] 2026-06-01T10:45:38+00:00 | no db changes | account_type=LIVE | server=FTMO-Server3 | max_close_time_utc=2026-05-29T23:45:00+00:00
[DEBUG] positions_get open_positions=0
[DEBUG] open_positions_current active=0 | upsert_changed=0 | deleted_closed=0 | db=C:\Users\Leon\Desktop\QUANT\Data_Center\Data\1_Pipeline\Trades\live\account_530164208_LIVE\open_positions_current.db
[DEBUG] history_deals_get dt_from=2026-06-01T10:40:38.696956+00:00 dt_to=2026-06-01T10:46:38.709989+00:00 deals=0
[DEBUG] recent_exit_position_ids=0
[DEBUG] rebuilt_closed_trades=0
[DEBUG] rows_to_upsert=0
[LOOP] 2026-06-01T10:46:38+00:00 | no db changes | account_type=LIVE | server=FTMO-Server3 | max_close_time_utc=2026-05-29T23:45:00+00:00
[DEBUG] positions_get open_positions=0
[DEBUG] open_positions_current active=0 | upsert_changed=0 | deleted_closed=0 | db=C:\Users\Leon\Desktop\QUANT\Data_Center\Data\1_Pipeline\Trades\live\account_530164208_LIVE\open_positions_current.db
[DEBUG] history_deals_get dt_from=2026-06-01T10:41:38.709989+00:00 dt_to=2026-06-01T10:47:38.718160+00:00 deals=0
[DEBUG] recent_exit_position_ids=0
[DEBUG] rebuilt_closed_trades=0
[DEBUG] rows_to_upsert=0
[LOOP] 2026-06-01T10:47:38+00:00 | no db changes | account_type=LIVE | server=FTMO-Server3 | max_close_time_utc=2026-05-29T23:45:00+00:00
[DEBUG] positions_get open_positions=0
[DEBUG] open_positions_current active=0 | upsert_changed=0 | deleted_closed=0 | db=C:\Users\Leon\Desktop\QUANT\Data_Center\Data\1_Pipeline\Trades\live\account_530164208_LIVE\open_positions_current.db
[DEBUG] history_deals_get dt_from=2026-06-01T10:42:38.718160+00:00 dt_to=2026-06-01T10:48:38.780815+00:00 deals=0
[DEBUG] recent_exit_position_ids=0
[DEBUG] rebuilt_closed_trades=0
[DEBUG] rows_to_upsert=0
[LOOP] 2026-06-01T10:48:38+00:00 | no db changes | account_type=LIVE | server=FTMO-Server3 | max_close_time_utc=2026-05-29T23:45:00+00:00
[DEBUG] positions_get open_positions=0
[DEBUG] open_positions_current active=0 | upsert_changed=0 | deleted_closed=0 | db=C:\Users\Leon\Desktop\QUANT\Data_Center\Data\1_Pipeline\Trades\live\account_530164208_LIVE\open_positions_current.db
[DEBUG] history_deals_get dt_from=2026-06-01T10:43:38.780815+00:00 dt_to=2026-06-01T10:49:38.846379+00:00 deals=0
[DEBUG] recent_exit_position_ids=0
[DEBUG] rebuilt_closed_trades=0
[DEBUG] rows_to_upsert=0
[LOOP] 2026-06-01T10:49:38+00:00 | no db changes | account_type=LIVE | server=FTMO-Server3 | max_close_time_utc=2026-05-29T23:45:00+00:00
[DEBUG] positions_get open_positions=0
[DEBUG] open_positions_current active=0 | upsert_changed=0 | deleted_closed=0 | db=C:\Users\Leon\Desktop\QUANT\Data_Center\Data\1_Pipeline\Trades\live\account_530164208_LIVE\open_positions_current.db
[DEBUG] history_deals_get dt_from=2026-06-01T10:44:38.846379+00:00 dt_to=2026-06-01T10:50:38.909525+00:00 deals=0
[DEBUG] recent_exit_position_ids=0
[DEBUG] rebuilt_closed_trades=0
[DEBUG] rows_to_upsert=0
[LOOP] 2026-06-01T10:50:38+00:00 | no db changes | account_type=LIVE | server=FTMO-Server3 | max_close_time_utc=2026-05-29T23:45:00+00:00
[DEBUG] positions_get open_positions=0
[DEBUG] open_positions_current active=0 | upsert_changed=0 | deleted_closed=0 | db=C:\Users\Leon\Desktop\QUANT\Data_Center\Data\1_Pipeline\Trades\live\account_530164208_LIVE\open_positions_current.db
[DEBUG] history_deals_get dt_from=2026-06-01T10:45:38.909525+00:00 dt_to=2026-06-01T10:51:38.980338+00:00 deals=0
[DEBUG] recent_exit_position_ids=0
[DEBUG] rebuilt_closed_trades=0
[DEBUG] rows_to_upsert=0
[LOOP] 2026-06-01T10:51:38+00:00 | no db changes | account_type=LIVE | server=FTMO-Server3 | max_close_time_utc=2026-05-29T23:45:00+00:00
[DEBUG] positions_get open_positions=0
[DEBUG] open_positions_current active=0 | upsert_changed=0 | deleted_closed=0 | db=C:\Users\Leon\Desktop\QUANT\Data_Center\Data\1_Pipeline\Trades\live\account_530164208_LIVE\open_positions_current.db
[DEBUG] history_deals_get dt_from=2026-06-01T10:46:38.980338+00:00 dt_to=2026-06-01T10:52:38.992392+00:00 deals=0
[DEBUG] recent_exit_position_ids=0
[DEBUG] rebuilt_closed_trades=0
[DEBUG] rows_to_upsert=0
[LOOP] 2026-06-01T10:52:38+00:00 | no db changes | account_type=LIVE | server=FTMO-Server3 | max_close_time_utc=2026-05-29T23:45:00+00:00
[DEBUG] positions_get open_positions=0
[DEBUG] open_positions_current active=0 | upsert_changed=0 | deleted_closed=0 | db=C:\Users\Leon\Desktop\QUANT\Data_Center\Data\1_Pipeline\Trades\live\account_530164208_LIVE\open_positions_current.db
[DEBUG] history_deals_get dt_from=2026-06-01T10:47:38.992392+00:00 dt_to=2026-06-01T10:53:39.060740+00:00 deals=0
[DEBUG] recent_exit_position_ids=0
[DEBUG] rebuilt_closed_trades=0
[DEBUG] rows_to_upsert=0
[LOOP] 2026-06-01T10:53:39+00:00 | no db changes | account_type=LIVE | server=FTMO-Server3 | max_close_time_utc=2026-05-29T23:45:00+00:00
[DEBUG] positions_get open_positions=0
[DEBUG] open_positions_current active=0 | upsert_changed=0 | deleted_closed=0 | db=C:\Users\Leon\Desktop\QUANT\Data_Center\Data\1_Pipeline\Trades\live\account_530164208_LIVE\open_positions_current.db
[DEBUG] history_deals_get dt_from=2026-06-01T10:48:39.060740+00:00 dt_to=2026-06-01T10:54:39.124645+00:00 deals=0
[DEBUG] recent_exit_position_ids=0
[DEBUG] rebuilt_closed_trades=0
[DEBUG] rows_to_upsert=0
[LOOP] 2026-06-01T10:54:39+00:00 | no db changes | account_type=LIVE | server=FTMO-Server3 | max_close_time_utc=2026-05-29T23:45:00+00:00
[DEBUG] positions_get open_positions=0
[DEBUG] open_positions_current active=0 | upsert_changed=0 | deleted_closed=0 | db=C:\Users\Leon\Desktop\QUANT\Data_Center\Data\1_Pipeline\Trades\live\account_530164208_LIVE\open_positions_current.db
[DEBUG] history_deals_get dt_from=2026-06-01T10:49:39.124645+00:00 dt_to=2026-06-01T10:55:39.135939+00:00 deals=0
[DEBUG] recent_exit_position_ids=0
[DEBUG] rebuilt_closed_trades=0
[DEBUG] rows_to_upsert=0
[LOOP] 2026-06-01T10:55:39+00:00 | no db changes | account_type=LIVE | server=FTMO-Server3 | max_close_time_utc=2026-05-29T23:45:00+00:00
[DEBUG] positions_get open_positions=0
[DEBUG] open_positions_current active=0 | upsert_changed=0 | deleted_closed=0 | db=C:\Users\Leon\Desktop\QUANT\Data_Center\Data\1_Pipeline\Trades\live\account_530164208_LIVE\open_positions_current.db
[DEBUG] history_deals_get dt_from=2026-06-01T10:50:39.135939+00:00 dt_to=2026-06-01T10:56:39.198496+00:00 deals=0
[DEBUG] recent_exit_position_ids=0
[DEBUG] rebuilt_closed_trades=0
[DEBUG] rows_to_upsert=0
[LOOP] 2026-06-01T10:56:39+00:00 | no db changes | account_type=LIVE | server=FTMO-Server3 | max_close_time_utc=2026-05-29T23:45:00+00:00
[DEBUG] positions_get open_positions=0
[DEBUG] open_positions_current active=0 | upsert_changed=0 | deleted_closed=0 | db=C:\Users\Leon\Desktop\QUANT\Data_Center\Data\1_Pipeline\Trades\live\account_530164208_LIVE\open_positions_current.db
[DEBUG] history_deals_get dt_from=2026-06-01T10:51:39.198496+00:00 dt_to=2026-06-01T10:57:39.208848+00:00 deals=0
[DEBUG] recent_exit_position_ids=0
[DEBUG] rebuilt_closed_trades=0
[DEBUG] rows_to_upsert=0
[LOOP] 2026-06-01T10:57:39+00:00 | no db changes | account_type=LIVE | server=FTMO-Server3 | max_close_time_utc=2026-05-29T23:45:00+00:00
[DEBUG] positions_get open_positions=0
[DEBUG] open_positions_current active=0 | upsert_changed=0 | deleted_closed=0 | db=C:\Users\Leon\Desktop\QUANT\Data_Center\Data\1_Pipeline\Trades\live\account_530164208_LIVE\open_positions_current.db
[DEBUG] history_deals_get dt_from=2026-06-01T10:52:39.208848+00:00 dt_to=2026-06-01T10:58:39.221889+00:00 deals=0
[DEBUG] recent_exit_position_ids=0
[DEBUG] rebuilt_closed_trades=0
[DEBUG] rows_to_upsert=0
[LOOP] 2026-06-01T10:58:39+00:00 | no db changes | account_type=LIVE | server=FTMO-Server3 | max_close_time_utc=2026-05-29T23:45:00+00:00
[DEBUG] positions_get open_positions=0
[DEBUG] open_positions_current active=0 | upsert_changed=0 | deleted_closed=0 | db=C:\Users\Leon\Desktop\QUANT\Data_Center\Data\1_Pipeline\Trades\live\account_530164208_LIVE\open_positions_current.db
[DEBUG] history_deals_get dt_from=2026-06-01T10:53:39.221889+00:00 dt_to=2026-06-01T10:59:39.285083+00:00 deals=0
[DEBUG] recent_exit_position_ids=0
[DEBUG] rebuilt_closed_trades=0
[DEBUG] rows_to_upsert=0
[LOOP] 2026-06-01T10:59:39+00:00 | no db changes | account_type=LIVE | server=FTMO-Server3 | max_close_time_utc=2026-05-29T23:45:00+00:00
[DEBUG] positions_get open_positions=0
[DEBUG] open_positions_current active=0 | upsert_changed=0 | deleted_closed=0 | db=C:\Users\Leon\Desktop\QUANT\Data_Center\Data\1_Pipeline\Trades\live\account_530164208_LIVE\open_positions_current.db
[DEBUG] history_deals_get dt_from=2026-06-01T10:54:39.285083+00:00 dt_to=2026-06-01T11:00:39.349432+00:00 deals=0
[DEBUG] recent_exit_position_ids=0
[DEBUG] rebuilt_closed_trades=0
[DEBUG] rows_to_upsert=0
[LOOP] 2026-06-01T11:00:39+00:00 | no db changes | account_type=LIVE | server=FTMO-Server3 | max_close_time_utc=2026-05-29T23:45:00+00:00
[DEBUG] positions_get open_positions=0
[DEBUG] open_positions_current active=0 | upsert_changed=0 | deleted_closed=0 | db=C:\Users\Leon\Desktop\QUANT\Data_Center\Data\1_Pipeline\Trades\live\account_530164208_LIVE\open_positions_current.db
[DEBUG] history_deals_get dt_from=2026-06-01T10:55:39.349432+00:00 dt_to=2026-06-01T11:01:39.361578+00:00 deals=0
[DEBUG] recent_exit_position_ids=0
[DEBUG] rebuilt_closed_trades=0
[DEBUG] rows_to_upsert=0
[LOOP] 2026-06-01T11:01:39+00:00 | no db changes | account_type=LIVE | server=FTMO-Server3 | max_close_time_utc=2026-05-29T23:45:00+00:00
[DEBUG] positions_get open_positions=0
[DEBUG] open_positions_current active=0 | upsert_changed=0 | deleted_closed=0 | db=C:\Users\Leon\Desktop\QUANT\Data_Center\Data\1_Pipeline\Trades\live\account_530164208_LIVE\open_positions_current.db
[DEBUG] history_deals_get dt_from=2026-06-01T10:56:39.361578+00:00 dt_to=2026-06-01T11:02:39.430173+00:00 deals=0
[DEBUG] recent_exit_position_ids=0
[DEBUG] rebuilt_closed_trades=0
[DEBUG] rows_to_upsert=0
[LOOP] 2026-06-01T11:02:39+00:00 | no db changes | account_type=LIVE | server=FTMO-Server3 | max_close_time_utc=2026-05-29T23:45:00+00:00
[DEBUG] positions_get open_positions=0
[DEBUG] open_positions_current active=0 | upsert_changed=0 | deleted_closed=0 | db=C:\Users\Leon\Desktop\QUANT\Data_Center\Data\1_Pipeline\Trades\live\account_530164208_LIVE\open_positions_current.db
[DEBUG] history_deals_get dt_from=2026-06-01T10:57:39.430173+00:00 dt_to=2026-06-01T11:03:39.496543+00:00 deals=0
