[INFO] terminal64.exe = C:\Users\Leon\Desktop\Terminals\MetaTrader 5 - Kopie - Kopie - Kopie (8) - Kopie - Kopie - Kopie - Kopie\terminal64.exe
[INFO] SCRIPT_PATH = C:\Users\Leon\Desktop\QUANT\Data_Center\Backend_Management\1_Pipelines\Trades\FTMO_LIVE_540136824.py
[INFO] QUANT_ROOT = C:\Users\Leon\Desktop\QUANT
[INFO] DATA_DIR = C:\Users\Leon\Desktop\QUANT\Data_Center\Data
[INFO] BACKEND_MANAGEMENT_DIR = C:\Users\Leon\Desktop\QUANT\Data_Center\Backend_Management
[INFO] PIPELINES_DIR = C:\Users\Leon\Desktop\QUANT\Data_Center\Backend_Management\1_Pipelines
[INFO] PIPELINE_DATA_DIR = C:\Users\Leon\Desktop\QUANT\Data_Center\Data\1_Pipeline
[INFO] TRADES_DATA_DIR = C:\Users\Leon\Desktop\QUANT\Data_Center\Data\1_Pipeline\Trades
[INFO] OUTPUT_DIR = C:\Users\Leon\Desktop\QUANT\Data_Center\Data\1_Pipeline\Trades\Live\account_540136824_LIVE
[OK] Connected: 540136824 | FTMO Challenge USD | FTMO-Server4 | LIVE
[DEBUG] history_deals_get dt_from=2025-06-01T08:13:03.943531+00:00 dt_to=2026-06-01T08:13:03.943531+00:00 deals=1421
[DEBUG] backfill closed_trades_found=709
[DEBUG]      position_id  symbol  ...       tp close_ticket
699    135718026  USDJPY  ...  159.813    126668939
700    136183154  EURUSD  ...   1.1649    126877447
701    136058876  AUDJPY  ...  114.666    127029264
702    136100961  USDJPY  ...  160.155    127029246
703    136032638  EURGBP  ...  0.86298    127029268
704    136434811  AUDJPY  ...  114.474    127393552
705    136436855  EURGBP  ...  0.86443    127393553
706    136841735  EURUSD  ...  1.16563    127496862
707    136826248  EURGBP  ...  0.86511    127720491
708    137060499  USDJPY  ...  160.154    127720490

[10 rows x 7 columns]
[DEBUG] rows_to_upsert=709
[DEBUG] existing_close_tickets_before=0
[DB][LIVE][FTMO-Server4] changed=709 -> C:\Users\Leon\Desktop\QUANT\Data_Center\Data\1_Pipeline\Trades\live\account_540136824_LIVE\closed_trades.db
[OK] Backfill done. Folder: C:\Users\Leon\Desktop\QUANT\Data_Center\Data\1_Pipeline\Trades\Live\account_540136824_LIVE | account_type=LIVE | server=FTMO-Server4
[OK] DB rows: 709
[OK] DB max close_time_utc: 2026-05-29T23:45:00+00:00
[OK] Open positions DB: C:\Users\Leon\Desktop\QUANT\Data_Center\Data\1_Pipeline\Trades\live\account_540136824_LIVE\open_positions_current.db
[INFO] Polling every 60s. Account=540136824 | Type=LIVE | Server=FTMO-Server4. Stop with CTRL+C.
[DEBUG] positions_get open_positions=3
[DEBUG] open_positions_current active=3 | upsert_changed=3 | deleted_closed=0 | db=C:\Users\Leon\Desktop\QUANT\Data_Center\Data\1_Pipeline\Trades\live\account_540136824_LIVE\open_positions_current.db
[DEBUG] history_deals_get dt_from=2026-06-01T08:03:03.943531+00:00 dt_to=2026-06-01T08:13:05.089693+00:00 deals=0
[DEBUG] recent_exit_position_ids=0
[DEBUG] rebuilt_closed_trades=0
[DEBUG] rows_to_upsert=0
[LOOP] 2026-06-01T08:13:05+00:00 | db_changed=3 | account_type=LIVE | server=FTMO-Server4 | max_close_time_utc=2026-05-29T23:45:00+00:00
[DEBUG] positions_get open_positions=3
[DEBUG] open_positions_current active=3 | upsert_changed=3 | deleted_closed=0 | db=C:\Users\Leon\Desktop\QUANT\Data_Center\Data\1_Pipeline\Trades\live\account_540136824_LIVE\open_positions_current.db
[DEBUG] history_deals_get dt_from=2026-06-01T08:08:05.089693+00:00 dt_to=2026-06-01T08:14:05.101622+00:00 deals=0
[DEBUG] recent_exit_position_ids=0
[DEBUG] rebuilt_closed_trades=0
[DEBUG] rows_to_upsert=0
[LOOP] 2026-06-01T08:14:05+00:00 | db_changed=3 | account_type=LIVE | server=FTMO-Server4 | max_close_time_utc=2026-05-29T23:45:00+00:00
[DEBUG] positions_get open_positions=3
[DEBUG] open_positions_current active=3 | upsert_changed=3 | deleted_closed=0 | db=C:\Users\Leon\Desktop\QUANT\Data_Center\Data\1_Pipeline\Trades\live\account_540136824_LIVE\open_positions_current.db
[DEBUG] history_deals_get dt_from=2026-06-01T08:09:05.101622+00:00 dt_to=2026-06-01T08:15:05.111074+00:00 deals=0
[DEBUG] recent_exit_position_ids=0
[DEBUG] rebuilt_closed_trades=0
[DEBUG] rows_to_upsert=0
[LOOP] 2026-06-01T08:15:05+00:00 | db_changed=3 | account_type=LIVE | server=FTMO-Server4 | max_close_time_utc=2026-05-29T23:45:00+00:00
[DEBUG] positions_get open_positions=3
[DEBUG] open_positions_current active=3 | upsert_changed=3 | deleted_closed=0 | db=C:\Users\Leon\Desktop\QUANT\Data_Center\Data\1_Pipeline\Trades\live\account_540136824_LIVE\open_positions_current.db
[DEBUG] history_deals_get dt_from=2026-06-01T08:10:05.111074+00:00 dt_to=2026-06-01T08:16:05.122616+00:00 deals=0
[DEBUG] recent_exit_position_ids=0
[DEBUG] rebuilt_closed_trades=0
[DEBUG] rows_to_upsert=0
[LOOP] 2026-06-01T08:16:05+00:00 | db_changed=3 | account_type=LIVE | server=FTMO-Server4 | max_close_time_utc=2026-05-29T23:45:00+00:00
[DEBUG] positions_get open_positions=3
[DEBUG] open_positions_current active=3 | upsert_changed=3 | deleted_closed=0 | db=C:\Users\Leon\Desktop\QUANT\Data_Center\Data\1_Pipeline\Trades\live\account_540136824_LIVE\open_positions_current.db
[DEBUG] history_deals_get dt_from=2026-06-01T08:11:05.122616+00:00 dt_to=2026-06-01T08:17:05.133916+00:00 deals=0
[DEBUG] recent_exit_position_ids=0
[DEBUG] rebuilt_closed_trades=0
[DEBUG] rows_to_upsert=0
[LOOP] 2026-06-01T08:17:05+00:00 | db_changed=3 | account_type=LIVE | server=FTMO-Server4 | max_close_time_utc=2026-05-29T23:45:00+00:00
[DEBUG] positions_get open_positions=3
[DEBUG] open_positions_current active=3 | upsert_changed=3 | deleted_closed=0 | db=C:\Users\Leon\Desktop\QUANT\Data_Center\Data\1_Pipeline\Trades\live\account_540136824_LIVE\open_positions_current.db
[DEBUG] history_deals_get dt_from=2026-06-01T08:12:05.133916+00:00 dt_to=2026-06-01T08:18:05.190817+00:00 deals=0
[DEBUG] recent_exit_position_ids=0
[DEBUG] rebuilt_closed_trades=0
[DEBUG] rows_to_upsert=0
[LOOP] 2026-06-01T08:18:05+00:00 | db_changed=3 | account_type=LIVE | server=FTMO-Server4 | max_close_time_utc=2026-05-29T23:45:00+00:00
[DEBUG] positions_get open_positions=3
[DEBUG] open_positions_current active=3 | upsert_changed=3 | deleted_closed=0 | db=C:\Users\Leon\Desktop\QUANT\Data_Center\Data\1_Pipeline\Trades\live\account_540136824_LIVE\open_positions_current.db
[DEBUG] history_deals_get dt_from=2026-06-01T08:13:05.190817+00:00 dt_to=2026-06-01T08:19:05.254901+00:00 deals=0
[DEBUG] recent_exit_position_ids=0
[DEBUG] rebuilt_closed_trades=0
[DEBUG] rows_to_upsert=0
[LOOP] 2026-06-01T08:19:05+00:00 | db_changed=3 | account_type=LIVE | server=FTMO-Server4 | max_close_time_utc=2026-05-29T23:45:00+00:00
[DEBUG] positions_get open_positions=3
[DEBUG] open_positions_current active=3 | upsert_changed=3 | deleted_closed=0 | db=C:\Users\Leon\Desktop\QUANT\Data_Center\Data\1_Pipeline\Trades\live\account_540136824_LIVE\open_positions_current.db
[DEBUG] history_deals_get dt_from=2026-06-01T08:14:05.254901+00:00 dt_to=2026-06-01T08:20:05.317975+00:00 deals=0
[DEBUG] recent_exit_position_ids=0
[DEBUG] rebuilt_closed_trades=0
[DEBUG] rows_to_upsert=0
[LOOP] 2026-06-01T08:20:05+00:00 | db_changed=3 | account_type=LIVE | server=FTMO-Server4 | max_close_time_utc=2026-05-29T23:45:00+00:00
[DEBUG] positions_get open_positions=3
[DEBUG] open_positions_current active=3 | upsert_changed=3 | deleted_closed=0 | db=C:\Users\Leon\Desktop\QUANT\Data_Center\Data\1_Pipeline\Trades\live\account_540136824_LIVE\open_positions_current.db
[DEBUG] history_deals_get dt_from=2026-06-01T08:15:05.317975+00:00 dt_to=2026-06-01T08:21:05.379693+00:00 deals=0
[DEBUG] recent_exit_position_ids=0
[DEBUG] rebuilt_closed_trades=0
[DEBUG] rows_to_upsert=0
[LOOP] 2026-06-01T08:21:05+00:00 | db_changed=3 | account_type=LIVE | server=FTMO-Server4 | max_close_time_utc=2026-05-29T23:45:00+00:00
[DEBUG] positions_get open_positions=3
[DEBUG] open_positions_current active=3 | upsert_changed=3 | deleted_closed=0 | db=C:\Users\Leon\Desktop\QUANT\Data_Center\Data\1_Pipeline\Trades\live\account_540136824_LIVE\open_positions_current.db
[DEBUG] history_deals_get dt_from=2026-06-01T08:16:05.379693+00:00 dt_to=2026-06-01T08:22:05.444618+00:00 deals=0
[DEBUG] recent_exit_position_ids=0
[DEBUG] rebuilt_closed_trades=0
[DEBUG] rows_to_upsert=0
[LOOP] 2026-06-01T08:22:05+00:00 | db_changed=3 | account_type=LIVE | server=FTMO-Server4 | max_close_time_utc=2026-05-29T23:45:00+00:00
[DEBUG] positions_get open_positions=3
[DEBUG] open_positions_current active=3 | upsert_changed=3 | deleted_closed=0 | db=C:\Users\Leon\Desktop\QUANT\Data_Center\Data\1_Pipeline\Trades\live\account_540136824_LIVE\open_positions_current.db
[DEBUG] history_deals_get dt_from=2026-06-01T08:17:05.444618+00:00 dt_to=2026-06-01T08:23:05.461236+00:00 deals=0
[DEBUG] recent_exit_position_ids=0
[DEBUG] rebuilt_closed_trades=0
[DEBUG] rows_to_upsert=0
[LOOP] 2026-06-01T08:23:05+00:00 | db_changed=3 | account_type=LIVE | server=FTMO-Server4 | max_close_time_utc=2026-05-29T23:45:00+00:00
[DEBUG] positions_get open_positions=3
[DEBUG] open_positions_current active=3 | upsert_changed=3 | deleted_closed=0 | db=C:\Users\Leon\Desktop\QUANT\Data_Center\Data\1_Pipeline\Trades\live\account_540136824_LIVE\open_positions_current.db
[DEBUG] history_deals_get dt_from=2026-06-01T08:18:05.461236+00:00 dt_to=2026-06-01T08:24:05.478055+00:00 deals=0
[DEBUG] recent_exit_position_ids=0
[DEBUG] rebuilt_closed_trades=0
[DEBUG] rows_to_upsert=0
[LOOP] 2026-06-01T08:24:05+00:00 | db_changed=3 | account_type=LIVE | server=FTMO-Server4 | max_close_time_utc=2026-05-29T23:45:00+00:00
[DEBUG] positions_get open_positions=3
[DEBUG] open_positions_current active=3 | upsert_changed=3 | deleted_closed=0 | db=C:\Users\Leon\Desktop\QUANT\Data_Center\Data\1_Pipeline\Trades\live\account_540136824_LIVE\open_positions_current.db
[DEBUG] history_deals_get dt_from=2026-06-01T08:19:05.478055+00:00 dt_to=2026-06-01T08:25:05.495480+00:00 deals=0
[DEBUG] recent_exit_position_ids=0
[DEBUG] rebuilt_closed_trades=0
[DEBUG] rows_to_upsert=0
[LOOP] 2026-06-01T08:25:05+00:00 | db_changed=3 | account_type=LIVE | server=FTMO-Server4 | max_close_time_utc=2026-05-29T23:45:00+00:00
[DEBUG] positions_get open_positions=3
[DEBUG] open_positions_current active=3 | upsert_changed=3 | deleted_closed=0 | db=C:\Users\Leon\Desktop\QUANT\Data_Center\Data\1_Pipeline\Trades\live\account_540136824_LIVE\open_positions_current.db
[DEBUG] history_deals_get dt_from=2026-06-01T08:20:05.495480+00:00 dt_to=2026-06-01T08:26:05.517472+00:00 deals=0
[DEBUG] recent_exit_position_ids=0
[DEBUG] rebuilt_closed_trades=0
[DEBUG] rows_to_upsert=0
[LOOP] 2026-06-01T08:26:05+00:00 | db_changed=3 | account_type=LIVE | server=FTMO-Server4 | max_close_time_utc=2026-05-29T23:45:00+00:00
[DEBUG] positions_get open_positions=3
[DEBUG] open_positions_current active=3 | upsert_changed=3 | deleted_closed=0 | db=C:\Users\Leon\Desktop\QUANT\Data_Center\Data\1_Pipeline\Trades\live\account_540136824_LIVE\open_positions_current.db
[DEBUG] history_deals_get dt_from=2026-06-01T08:21:05.517472+00:00 dt_to=2026-06-01T08:27:05.534782+00:00 deals=0
[DEBUG] recent_exit_position_ids=0
[DEBUG] rebuilt_closed_trades=0
[DEBUG] rows_to_upsert=0
[LOOP] 2026-06-01T08:27:05+00:00 | db_changed=3 | account_type=LIVE | server=FTMO-Server4 | max_close_time_utc=2026-05-29T23:45:00+00:00
[DEBUG] positions_get open_positions=3
[DEBUG] open_positions_current active=3 | upsert_changed=3 | deleted_closed=0 | db=C:\Users\Leon\Desktop\QUANT\Data_Center\Data\1_Pipeline\Trades\live\account_540136824_LIVE\open_positions_current.db
[DEBUG] history_deals_get dt_from=2026-06-01T08:22:05.534782+00:00 dt_to=2026-06-01T08:28:05.549416+00:00 deals=0
[DEBUG] recent_exit_position_ids=0
[DEBUG] rebuilt_closed_trades=0
[DEBUG] rows_to_upsert=0
[LOOP] 2026-06-01T08:28:05+00:00 | db_changed=3 | account_type=LIVE | server=FTMO-Server4 | max_close_time_utc=2026-05-29T23:45:00+00:00
[DEBUG] positions_get open_positions=3
[DEBUG] open_positions_current active=3 | upsert_changed=3 | deleted_closed=0 | db=C:\Users\Leon\Desktop\QUANT\Data_Center\Data\1_Pipeline\Trades\live\account_540136824_LIVE\open_positions_current.db
[DEBUG] history_deals_get dt_from=2026-06-01T08:23:05.549416+00:00 dt_to=2026-06-01T08:29:05.565257+00:00 deals=0
[DEBUG] recent_exit_position_ids=0
[DEBUG] rebuilt_closed_trades=0
[DEBUG] rows_to_upsert=0
[LOOP] 2026-06-01T08:29:05+00:00 | db_changed=3 | account_type=LIVE | server=FTMO-Server4 | max_close_time_utc=2026-05-29T23:45:00+00:00
[DEBUG] positions_get open_positions=3
[DEBUG] open_positions_current active=3 | upsert_changed=3 | deleted_closed=0 | db=C:\Users\Leon\Desktop\QUANT\Data_Center\Data\1_Pipeline\Trades\live\account_540136824_LIVE\open_positions_current.db
[DEBUG] history_deals_get dt_from=2026-06-01T08:24:05.565257+00:00 dt_to=2026-06-01T08:30:05.618403+00:00 deals=0
[DEBUG] recent_exit_position_ids=0
[DEBUG] rebuilt_closed_trades=0
[DEBUG] rows_to_upsert=0
[LOOP] 2026-06-01T08:30:05+00:00 | db_changed=3 | account_type=LIVE | server=FTMO-Server4 | max_close_time_utc=2026-05-29T23:45:00+00:00
[DEBUG] positions_get open_positions=3
[DEBUG] open_positions_current active=3 | upsert_changed=3 | deleted_closed=0 | db=C:\Users\Leon\Desktop\QUANT\Data_Center\Data\1_Pipeline\Trades\live\account_540136824_LIVE\open_positions_current.db
[DEBUG] history_deals_get dt_from=2026-06-01T08:25:05.618403+00:00 dt_to=2026-06-01T08:31:05.682042+00:00 deals=0
[DEBUG] recent_exit_position_ids=0
[DEBUG] rebuilt_closed_trades=0
[DEBUG] rows_to_upsert=0
[LOOP] 2026-06-01T08:31:05+00:00 | db_changed=3 | account_type=LIVE | server=FTMO-Server4 | max_close_time_utc=2026-05-29T23:45:00+00:00
[DEBUG] positions_get open_positions=3
[DEBUG] open_positions_current active=3 | upsert_changed=3 | deleted_closed=0 | db=C:\Users\Leon\Desktop\QUANT\Data_Center\Data\1_Pipeline\Trades\live\account_540136824_LIVE\open_positions_current.db
[DEBUG] history_deals_get dt_from=2026-06-01T08:26:05.682042+00:00 dt_to=2026-06-01T08:32:05.699464+00:00 deals=0
[DEBUG] recent_exit_position_ids=0
[DEBUG] rebuilt_closed_trades=0
[DEBUG] rows_to_upsert=0
[LOOP] 2026-06-01T08:32:05+00:00 | db_changed=3 | account_type=LIVE | server=FTMO-Server4 | max_close_time_utc=2026-05-29T23:45:00+00:00
[DEBUG] positions_get open_positions=3
[DEBUG] open_positions_current active=3 | upsert_changed=3 | deleted_closed=0 | db=C:\Users\Leon\Desktop\QUANT\Data_Center\Data\1_Pipeline\Trades\live\account_540136824_LIVE\open_positions_current.db
[DEBUG] history_deals_get dt_from=2026-06-01T08:27:05.699464+00:00 dt_to=2026-06-01T08:33:05.755038+00:00 deals=0
[DEBUG] recent_exit_position_ids=0
[DEBUG] rebuilt_closed_trades=0
[DEBUG] rows_to_upsert=0
[LOOP] 2026-06-01T08:33:05+00:00 | db_changed=3 | account_type=LIVE | server=FTMO-Server4 | max_close_time_utc=2026-05-29T23:45:00+00:00
[DEBUG] positions_get open_positions=3
[DEBUG] open_positions_current active=3 | upsert_changed=3 | deleted_closed=0 | db=C:\Users\Leon\Desktop\QUANT\Data_Center\Data\1_Pipeline\Trades\live\account_540136824_LIVE\open_positions_current.db
[DEBUG] history_deals_get dt_from=2026-06-01T08:28:05.755038+00:00 dt_to=2026-06-01T08:34:05.771744+00:00 deals=0
[DEBUG] recent_exit_position_ids=0
[DEBUG] rebuilt_closed_trades=0
[DEBUG] rows_to_upsert=0
[LOOP] 2026-06-01T08:34:05+00:00 | db_changed=3 | account_type=LIVE | server=FTMO-Server4 | max_close_time_utc=2026-05-29T23:45:00+00:00
[DEBUG] positions_get open_positions=3
[DEBUG] open_positions_current active=3 | upsert_changed=3 | deleted_closed=0 | db=C:\Users\Leon\Desktop\QUANT\Data_Center\Data\1_Pipeline\Trades\live\account_540136824_LIVE\open_positions_current.db
[DEBUG] history_deals_get dt_from=2026-06-01T08:29:05.771744+00:00 dt_to=2026-06-01T08:35:05.787051+00:00 deals=0
[DEBUG] recent_exit_position_ids=0
[DEBUG] rebuilt_closed_trades=0
[DEBUG] rows_to_upsert=0
[LOOP] 2026-06-01T08:35:05+00:00 | db_changed=3 | account_type=LIVE | server=FTMO-Server4 | max_close_time_utc=2026-05-29T23:45:00+00:00
[DEBUG] positions_get open_positions=3
[DEBUG] open_positions_current active=3 | upsert_changed=3 | deleted_closed=0 | db=C:\Users\Leon\Desktop\QUANT\Data_Center\Data\1_Pipeline\Trades\live\account_540136824_LIVE\open_positions_current.db
[DEBUG] history_deals_get dt_from=2026-06-01T08:30:05.787051+00:00 dt_to=2026-06-01T08:36:05.846737+00:00 deals=0
[DEBUG] recent_exit_position_ids=0
[DEBUG] rebuilt_closed_trades=0
[DEBUG] rows_to_upsert=0
[LOOP] 2026-06-01T08:36:05+00:00 | db_changed=3 | account_type=LIVE | server=FTMO-Server4 | max_close_time_utc=2026-05-29T23:45:00+00:00
[DEBUG] positions_get open_positions=3
[DEBUG] open_positions_current active=3 | upsert_changed=3 | deleted_closed=0 | db=C:\Users\Leon\Desktop\QUANT\Data_Center\Data\1_Pipeline\Trades\live\account_540136824_LIVE\open_positions_current.db
[DEBUG] history_deals_get dt_from=2026-06-01T08:31:05.846737+00:00 dt_to=2026-06-01T08:37:05.911428+00:00 deals=0
[DEBUG] recent_exit_position_ids=0
[DEBUG] rebuilt_closed_trades=0
[DEBUG] rows_to_upsert=0
[LOOP] 2026-06-01T08:37:05+00:00 | db_changed=3 | account_type=LIVE | server=FTMO-Server4 | max_close_time_utc=2026-05-29T23:45:00+00:00
[DEBUG] positions_get open_positions=3
[DEBUG] open_positions_current active=3 | upsert_changed=3 | deleted_closed=0 | db=C:\Users\Leon\Desktop\QUANT\Data_Center\Data\1_Pipeline\Trades\live\account_540136824_LIVE\open_positions_current.db
[DEBUG] history_deals_get dt_from=2026-06-01T08:32:05.911428+00:00 dt_to=2026-06-01T08:38:05.970918+00:00 deals=0
[DEBUG] recent_exit_position_ids=0
[DEBUG] rebuilt_closed_trades=0
[DEBUG] rows_to_upsert=0
[LOOP] 2026-06-01T08:38:05+00:00 | db_changed=3 | account_type=LIVE | server=FTMO-Server4 | max_close_time_utc=2026-05-29T23:45:00+00:00
[DEBUG] positions_get open_positions=3
[DEBUG] open_positions_current active=3 | upsert_changed=3 | deleted_closed=0 | db=C:\Users\Leon\Desktop\QUANT\Data_Center\Data\1_Pipeline\Trades\live\account_540136824_LIVE\open_positions_current.db
[DEBUG] history_deals_get dt_from=2026-06-01T08:33:05.970918+00:00 dt_to=2026-06-01T08:39:06.037671+00:00 deals=0
[DEBUG] recent_exit_position_ids=0
[DEBUG] rebuilt_closed_trades=0
[DEBUG] rows_to_upsert=0
[LOOP] 2026-06-01T08:39:05+00:00 | db_changed=3 | account_type=LIVE | server=FTMO-Server4 | max_close_time_utc=2026-05-29T23:45:00+00:00
[DEBUG] positions_get open_positions=3
[DEBUG] open_positions_current active=3 | upsert_changed=3 | deleted_closed=0 | db=C:\Users\Leon\Desktop\QUANT\Data_Center\Data\1_Pipeline\Trades\live\account_540136824_LIVE\open_positions_current.db
[DEBUG] history_deals_get dt_from=2026-06-01T08:34:06.037671+00:00 dt_to=2026-06-01T08:40:06.058728+00:00 deals=0
[DEBUG] recent_exit_position_ids=0
[DEBUG] rebuilt_closed_trades=0
[DEBUG] rows_to_upsert=0
[LOOP] 2026-06-01T08:40:06+00:00 | db_changed=3 | account_type=LIVE | server=FTMO-Server4 | max_close_time_utc=2026-05-29T23:45:00+00:00
[DEBUG] positions_get open_positions=3
[DEBUG] open_positions_current active=3 | upsert_changed=3 | deleted_closed=0 | db=C:\Users\Leon\Desktop\QUANT\Data_Center\Data\1_Pipeline\Trades\live\account_540136824_LIVE\open_positions_current.db
[DEBUG] history_deals_get dt_from=2026-06-01T08:35:06.058728+00:00 dt_to=2026-06-01T08:41:06.114854+00:00 deals=0
[DEBUG] recent_exit_position_ids=0
[DEBUG] rebuilt_closed_trades=0
[DEBUG] rows_to_upsert=0
[LOOP] 2026-06-01T08:41:06+00:00 | db_changed=3 | account_type=LIVE | server=FTMO-Server4 | max_close_time_utc=2026-05-29T23:45:00+00:00
[DEBUG] positions_get open_positions=3
[DEBUG] open_positions_current active=3 | upsert_changed=3 | deleted_closed=0 | db=C:\Users\Leon\Desktop\QUANT\Data_Center\Data\1_Pipeline\Trades\live\account_540136824_LIVE\open_positions_current.db
[DEBUG] history_deals_get dt_from=2026-06-01T08:36:06.114854+00:00 dt_to=2026-06-01T08:42:06.179925+00:00 deals=0
[DEBUG] recent_exit_position_ids=0
[DEBUG] rebuilt_closed_trades=0
[DEBUG] rows_to_upsert=0
[LOOP] 2026-06-01T08:42:06+00:00 | db_changed=3 | account_type=LIVE | server=FTMO-Server4 | max_close_time_utc=2026-05-29T23:45:00+00:00
[DEBUG] positions_get open_positions=3
[DEBUG] open_positions_current active=3 | upsert_changed=3 | deleted_closed=0 | db=C:\Users\Leon\Desktop\QUANT\Data_Center\Data\1_Pipeline\Trades\live\account_540136824_LIVE\open_positions_current.db
[DEBUG] history_deals_get dt_from=2026-06-01T08:37:06.179925+00:00 dt_to=2026-06-01T08:43:06.194305+00:00 deals=0
[DEBUG] recent_exit_position_ids=0
[DEBUG] rebuilt_closed_trades=0
[DEBUG] rows_to_upsert=0
[LOOP] 2026-06-01T08:43:06+00:00 | db_changed=3 | account_type=LIVE | server=FTMO-Server4 | max_close_time_utc=2026-05-29T23:45:00+00:00
[DEBUG] positions_get open_positions=3
[DEBUG] open_positions_current active=3 | upsert_changed=3 | deleted_closed=0 | db=C:\Users\Leon\Desktop\QUANT\Data_Center\Data\1_Pipeline\Trades\live\account_540136824_LIVE\open_positions_current.db
[DEBUG] history_deals_get dt_from=2026-06-01T08:38:06.194305+00:00 dt_to=2026-06-01T08:44:06.210171+00:00 deals=0
[DEBUG] recent_exit_position_ids=0
[DEBUG] rebuilt_closed_trades=0
[DEBUG] rows_to_upsert=0
[LOOP] 2026-06-01T08:44:06+00:00 | db_changed=3 | account_type=LIVE | server=FTMO-Server4 | max_close_time_utc=2026-05-29T23:45:00+00:00
[DEBUG] positions_get open_positions=3
[DEBUG] open_positions_current active=3 | upsert_changed=3 | deleted_closed=0 | db=C:\Users\Leon\Desktop\QUANT\Data_Center\Data\1_Pipeline\Trades\live\account_540136824_LIVE\open_positions_current.db
[DEBUG] history_deals_get dt_from=2026-06-01T08:39:06.210171+00:00 dt_to=2026-06-01T08:45:06.227953+00:00 deals=0
[DEBUG] recent_exit_position_ids=0
[DEBUG] rebuilt_closed_trades=0
[DEBUG] rows_to_upsert=0
[LOOP] 2026-06-01T08:45:06+00:00 | db_changed=3 | account_type=LIVE | server=FTMO-Server4 | max_close_time_utc=2026-05-29T23:45:00+00:00
[DEBUG] positions_get open_positions=3
[DEBUG] open_positions_current active=3 | upsert_changed=3 | deleted_closed=0 | db=C:\Users\Leon\Desktop\QUANT\Data_Center\Data\1_Pipeline\Trades\live\account_540136824_LIVE\open_positions_current.db
[DEBUG] history_deals_get dt_from=2026-06-01T08:40:06.227953+00:00 dt_to=2026-06-01T08:46:06.293754+00:00 deals=0
[DEBUG] recent_exit_position_ids=0
[DEBUG] rebuilt_closed_trades=0
[DEBUG] rows_to_upsert=0
[LOOP] 2026-06-01T08:46:06+00:00 | db_changed=3 | account_type=LIVE | server=FTMO-Server4 | max_close_time_utc=2026-05-29T23:45:00+00:00
[DEBUG] positions_get open_positions=3
[DEBUG] open_positions_current active=3 | upsert_changed=3 | deleted_closed=0 | db=C:\Users\Leon\Desktop\QUANT\Data_Center\Data\1_Pipeline\Trades\live\account_540136824_LIVE\open_positions_current.db
[DEBUG] history_deals_get dt_from=2026-06-01T08:41:06.293754+00:00 dt_to=2026-06-01T08:47:06.312491+00:00 deals=0
[DEBUG] recent_exit_position_ids=0
[DEBUG] rebuilt_closed_trades=0
[DEBUG] rows_to_upsert=0
[LOOP] 2026-06-01T08:47:06+00:00 | db_changed=3 | account_type=LIVE | server=FTMO-Server4 | max_close_time_utc=2026-05-29T23:45:00+00:00
[DEBUG] positions_get open_positions=3
[DEBUG] open_positions_current active=3 | upsert_changed=3 | deleted_closed=0 | db=C:\Users\Leon\Desktop\QUANT\Data_Center\Data\1_Pipeline\Trades\live\account_540136824_LIVE\open_positions_current.db
[DEBUG] history_deals_get dt_from=2026-06-01T08:42:06.312491+00:00 dt_to=2026-06-01T08:48:06.373330+00:00 deals=0
[DEBUG] recent_exit_position_ids=0
[DEBUG] rebuilt_closed_trades=0
[DEBUG] rows_to_upsert=0
[LOOP] 2026-06-01T08:48:06+00:00 | db_changed=3 | account_type=LIVE | server=FTMO-Server4 | max_close_time_utc=2026-05-29T23:45:00+00:00
[DEBUG] positions_get open_positions=3
[DEBUG] open_positions_current active=3 | upsert_changed=3 | deleted_closed=0 | db=C:\Users\Leon\Desktop\QUANT\Data_Center\Data\1_Pipeline\Trades\live\account_540136824_LIVE\open_positions_current.db
[DEBUG] history_deals_get dt_from=2026-06-01T08:43:06.373330+00:00 dt_to=2026-06-01T08:49:06.390068+00:00 deals=0
[DEBUG] recent_exit_position_ids=0
[DEBUG] rebuilt_closed_trades=0
[DEBUG] rows_to_upsert=0
[LOOP] 2026-06-01T08:49:06+00:00 | db_changed=3 | account_type=LIVE | server=FTMO-Server4 | max_close_time_utc=2026-05-29T23:45:00+00:00
[DEBUG] positions_get open_positions=3
[DEBUG] open_positions_current active=3 | upsert_changed=3 | deleted_closed=0 | db=C:\Users\Leon\Desktop\QUANT\Data_Center\Data\1_Pipeline\Trades\live\account_540136824_LIVE\open_positions_current.db
[DEBUG] history_deals_get dt_from=2026-06-01T08:44:06.390068+00:00 dt_to=2026-06-01T08:50:06.405343+00:00 deals=0
[DEBUG] recent_exit_position_ids=0
[DEBUG] rebuilt_closed_trades=0
[DEBUG] rows_to_upsert=0
[LOOP] 2026-06-01T08:50:06+00:00 | db_changed=3 | account_type=LIVE | server=FTMO-Server4 | max_close_time_utc=2026-05-29T23:45:00+00:00
[DEBUG] positions_get open_positions=3
[DEBUG] open_positions_current active=3 | upsert_changed=3 | deleted_closed=0 | db=C:\Users\Leon\Desktop\QUANT\Data_Center\Data\1_Pipeline\Trades\live\account_540136824_LIVE\open_positions_current.db
[DEBUG] history_deals_get dt_from=2026-06-01T08:45:06.405343+00:00 dt_to=2026-06-01T08:51:06.419405+00:00 deals=0
[DEBUG] recent_exit_position_ids=0
[DEBUG] rebuilt_closed_trades=0
[DEBUG] rows_to_upsert=0
[LOOP] 2026-06-01T08:51:06+00:00 | db_changed=3 | account_type=LIVE | server=FTMO-Server4 | max_close_time_utc=2026-05-29T23:45:00+00:00
[DEBUG] positions_get open_positions=3
[DEBUG] open_positions_current active=3 | upsert_changed=3 | deleted_closed=0 | db=C:\Users\Leon\Desktop\QUANT\Data_Center\Data\1_Pipeline\Trades\live\account_540136824_LIVE\open_positions_current.db
[DEBUG] history_deals_get dt_from=2026-06-01T08:46:06.419405+00:00 dt_to=2026-06-01T08:52:06.431962+00:00 deals=0
[DEBUG] recent_exit_position_ids=0
[DEBUG] rebuilt_closed_trades=0
[DEBUG] rows_to_upsert=0
[LOOP] 2026-06-01T08:52:06+00:00 | db_changed=3 | account_type=LIVE | server=FTMO-Server4 | max_close_time_utc=2026-05-29T23:45:00+00:00
[DEBUG] positions_get open_positions=3
[DEBUG] open_positions_current active=3 | upsert_changed=3 | deleted_closed=0 | db=C:\Users\Leon\Desktop\QUANT\Data_Center\Data\1_Pipeline\Trades\live\account_540136824_LIVE\open_positions_current.db
[DEBUG] history_deals_get dt_from=2026-06-01T08:47:06.431962+00:00 dt_to=2026-06-01T08:53:06.443327+00:00 deals=0
[DEBUG] recent_exit_position_ids=0
[DEBUG] rebuilt_closed_trades=0
[DEBUG] rows_to_upsert=0
[LOOP] 2026-06-01T08:53:06+00:00 | db_changed=3 | account_type=LIVE | server=FTMO-Server4 | max_close_time_utc=2026-05-29T23:45:00+00:00
[DEBUG] positions_get open_positions=3
[DEBUG] open_positions_current active=3 | upsert_changed=3 | deleted_closed=0 | db=C:\Users\Leon\Desktop\QUANT\Data_Center\Data\1_Pipeline\Trades\live\account_540136824_LIVE\open_positions_current.db
[DEBUG] history_deals_get dt_from=2026-06-01T08:48:06.443327+00:00 dt_to=2026-06-01T08:54:06.459543+00:00 deals=0
[DEBUG] recent_exit_position_ids=0
[DEBUG] rebuilt_closed_trades=0
[DEBUG] rows_to_upsert=0
[LOOP] 2026-06-01T08:54:06+00:00 | db_changed=3 | account_type=LIVE | server=FTMO-Server4 | max_close_time_utc=2026-05-29T23:45:00+00:00
[DEBUG] positions_get open_positions=3
[DEBUG] open_positions_current active=3 | upsert_changed=3 | deleted_closed=0 | db=C:\Users\Leon\Desktop\QUANT\Data_Center\Data\1_Pipeline\Trades\live\account_540136824_LIVE\open_positions_current.db
[DEBUG] history_deals_get dt_from=2026-06-01T08:49:06.459543+00:00 dt_to=2026-06-01T08:55:06.518794+00:00 deals=0
[DEBUG] recent_exit_position_ids=0
[DEBUG] rebuilt_closed_trades=0
[DEBUG] rows_to_upsert=0
[LOOP] 2026-06-01T08:55:06+00:00 | db_changed=3 | account_type=LIVE | server=FTMO-Server4 | max_close_time_utc=2026-05-29T23:45:00+00:00
[DEBUG] positions_get open_positions=3
[DEBUG] open_positions_current active=3 | upsert_changed=3 | deleted_closed=0 | db=C:\Users\Leon\Desktop\QUANT\Data_Center\Data\1_Pipeline\Trades\live\account_540136824_LIVE\open_positions_current.db
[DEBUG] history_deals_get dt_from=2026-06-01T08:50:06.518794+00:00 dt_to=2026-06-01T08:56:06.549613+00:00 deals=0
[DEBUG] recent_exit_position_ids=0
[DEBUG] rebuilt_closed_trades=0
[DEBUG] rows_to_upsert=0
[LOOP] 2026-06-01T08:56:06+00:00 | db_changed=3 | account_type=LIVE | server=FTMO-Server4 | max_close_time_utc=2026-05-29T23:45:00+00:00
[DEBUG] positions_get open_positions=3
[DEBUG] open_positions_current active=3 | upsert_changed=3 | deleted_closed=0 | db=C:\Users\Leon\Desktop\QUANT\Data_Center\Data\1_Pipeline\Trades\live\account_540136824_LIVE\open_positions_current.db
[DEBUG] history_deals_get dt_from=2026-06-01T08:51:06.549613+00:00 dt_to=2026-06-01T08:57:06.613924+00:00 deals=0
[DEBUG] recent_exit_position_ids=0
[DEBUG] rebuilt_closed_trades=0
[DEBUG] rows_to_upsert=0
[LOOP] 2026-06-01T08:57:06+00:00 | db_changed=3 | account_type=LIVE | server=FTMO-Server4 | max_close_time_utc=2026-05-29T23:45:00+00:00
[DEBUG] positions_get open_positions=3
[DEBUG] open_positions_current active=3 | upsert_changed=3 | deleted_closed=0 | db=C:\Users\Leon\Desktop\QUANT\Data_Center\Data\1_Pipeline\Trades\live\account_540136824_LIVE\open_positions_current.db
[DEBUG] history_deals_get dt_from=2026-06-01T08:52:06.613924+00:00 dt_to=2026-06-01T08:58:06.681066+00:00 deals=0
[DEBUG] recent_exit_position_ids=0
[DEBUG] rebuilt_closed_trades=0
[DEBUG] rows_to_upsert=0
[LOOP] 2026-06-01T08:58:06+00:00 | db_changed=3 | account_type=LIVE | server=FTMO-Server4 | max_close_time_utc=2026-05-29T23:45:00+00:00
[DEBUG] positions_get open_positions=3
[DEBUG] open_positions_current active=3 | upsert_changed=3 | deleted_closed=0 | db=C:\Users\Leon\Desktop\QUANT\Data_Center\Data\1_Pipeline\Trades\live\account_540136824_LIVE\open_positions_current.db
[DEBUG] history_deals_get dt_from=2026-06-01T08:53:06.681066+00:00 dt_to=2026-06-01T08:59:06.698809+00:00 deals=0
[DEBUG] recent_exit_position_ids=0
[DEBUG] rebuilt_closed_trades=0
[DEBUG] rows_to_upsert=0
[LOOP] 2026-06-01T08:59:06+00:00 | db_changed=3 | account_type=LIVE | server=FTMO-Server4 | max_close_time_utc=2026-05-29T23:45:00+00:00
[DEBUG] positions_get open_positions=3
[DEBUG] open_positions_current active=3 | upsert_changed=3 | deleted_closed=0 | db=C:\Users\Leon\Desktop\QUANT\Data_Center\Data\1_Pipeline\Trades\live\account_540136824_LIVE\open_positions_current.db
[DEBUG] history_deals_get dt_from=2026-06-01T08:54:06.698809+00:00 dt_to=2026-06-01T09:00:06.720871+00:00 deals=0
[DEBUG] recent_exit_position_ids=0
[DEBUG] rebuilt_closed_trades=0
[DEBUG] rows_to_upsert=0
[LOOP] 2026-06-01T09:00:06+00:00 | db_changed=3 | account_type=LIVE | server=FTMO-Server4 | max_close_time_utc=2026-05-29T23:45:00+00:00
[DEBUG] positions_get open_positions=3
[DEBUG] open_positions_current active=3 | upsert_changed=3 | deleted_closed=0 | db=C:\Users\Leon\Desktop\QUANT\Data_Center\Data\1_Pipeline\Trades\live\account_540136824_LIVE\open_positions_current.db
[DEBUG] history_deals_get dt_from=2026-06-01T08:55:06.720871+00:00 dt_to=2026-06-01T10:33:38.194286+00:00 deals=0
[DEBUG] recent_exit_position_ids=0
[DEBUG] rebuilt_closed_trades=0
[DEBUG] rows_to_upsert=0
[LOOP] 2026-06-01T10:33:38+00:00 | db_changed=3 | account_type=LIVE | server=FTMO-Server4 | max_close_time_utc=2026-05-29T23:45:00+00:00
[DEBUG] positions_get open_positions=3
[DEBUG] open_positions_current active=3 | upsert_changed=3 | deleted_closed=0 | db=C:\Users\Leon\Desktop\QUANT\Data_Center\Data\1_Pipeline\Trades\live\account_540136824_LIVE\open_positions_current.db
[DEBUG] history_deals_get dt_from=2026-06-01T10:28:38.194286+00:00 dt_to=2026-06-01T10:34:38.212809+00:00 deals=0
[DEBUG] recent_exit_position_ids=0
[DEBUG] rebuilt_closed_trades=0
[DEBUG] rows_to_upsert=0
[LOOP] 2026-06-01T10:34:38+00:00 | db_changed=3 | account_type=LIVE | server=FTMO-Server4 | max_close_time_utc=2026-05-29T23:45:00+00:00
[DEBUG] positions_get open_positions=3
[DEBUG] open_positions_current active=3 | upsert_changed=3 | deleted_closed=0 | db=C:\Users\Leon\Desktop\QUANT\Data_Center\Data\1_Pipeline\Trades\live\account_540136824_LIVE\open_positions_current.db
[DEBUG] history_deals_get dt_from=2026-06-01T10:29:38.212809+00:00 dt_to=2026-06-01T10:35:38.273262+00:00 deals=0
[DEBUG] recent_exit_position_ids=0
[DEBUG] rebuilt_closed_trades=0
[DEBUG] rows_to_upsert=0
[LOOP] 2026-06-01T10:35:38+00:00 | db_changed=3 | account_type=LIVE | server=FTMO-Server4 | max_close_time_utc=2026-05-29T23:45:00+00:00
[DEBUG] positions_get open_positions=3
[DEBUG] open_positions_current active=3 | upsert_changed=3 | deleted_closed=0 | db=C:\Users\Leon\Desktop\QUANT\Data_Center\Data\1_Pipeline\Trades\live\account_540136824_LIVE\open_positions_current.db
[DEBUG] history_deals_get dt_from=2026-06-01T10:30:38.273262+00:00 dt_to=2026-06-01T10:36:38.339151+00:00 deals=0
[DEBUG] recent_exit_position_ids=0
[DEBUG] rebuilt_closed_trades=0
[DEBUG] rows_to_upsert=0
[LOOP] 2026-06-01T10:36:38+00:00 | db_changed=3 | account_type=LIVE | server=FTMO-Server4 | max_close_time_utc=2026-05-29T23:45:00+00:00
[DEBUG] positions_get open_positions=3
[DEBUG] open_positions_current active=3 | upsert_changed=3 | deleted_closed=0 | db=C:\Users\Leon\Desktop\QUANT\Data_Center\Data\1_Pipeline\Trades\live\account_540136824_LIVE\open_positions_current.db
[DEBUG] history_deals_get dt_from=2026-06-01T10:31:38.339151+00:00 dt_to=2026-06-01T10:37:38.357637+00:00 deals=0
[DEBUG] recent_exit_position_ids=0
[DEBUG] rebuilt_closed_trades=0
[DEBUG] rows_to_upsert=0
[LOOP] 2026-06-01T10:37:38+00:00 | db_changed=3 | account_type=LIVE | server=FTMO-Server4 | max_close_time_utc=2026-05-29T23:45:00+00:00
[DEBUG] positions_get open_positions=3
[DEBUG] open_positions_current active=3 | upsert_changed=3 | deleted_closed=0 | db=C:\Users\Leon\Desktop\QUANT\Data_Center\Data\1_Pipeline\Trades\live\account_540136824_LIVE\open_positions_current.db
[DEBUG] history_deals_get dt_from=2026-06-01T10:32:38.357637+00:00 dt_to=2026-06-01T10:38:38.373901+00:00 deals=0
[DEBUG] recent_exit_position_ids=0
[DEBUG] rebuilt_closed_trades=0
[DEBUG] rows_to_upsert=0
[LOOP] 2026-06-01T10:38:38+00:00 | db_changed=3 | account_type=LIVE | server=FTMO-Server4 | max_close_time_utc=2026-05-29T23:45:00+00:00
[DEBUG] positions_get open_positions=3
[DEBUG] open_positions_current active=3 | upsert_changed=3 | deleted_closed=0 | db=C:\Users\Leon\Desktop\QUANT\Data_Center\Data\1_Pipeline\Trades\live\account_540136824_LIVE\open_positions_current.db
[DEBUG] history_deals_get dt_from=2026-06-01T10:33:38.373901+00:00 dt_to=2026-06-01T10:39:38.435565+00:00 deals=0
[DEBUG] recent_exit_position_ids=0
[DEBUG] rebuilt_closed_trades=0
[DEBUG] rows_to_upsert=0
[LOOP] 2026-06-01T10:39:38+00:00 | db_changed=3 | account_type=LIVE | server=FTMO-Server4 | max_close_time_utc=2026-05-29T23:45:00+00:00
[DEBUG] positions_get open_positions=3
[DEBUG] open_positions_current active=3 | upsert_changed=3 | deleted_closed=0 | db=C:\Users\Leon\Desktop\QUANT\Data_Center\Data\1_Pipeline\Trades\live\account_540136824_LIVE\open_positions_current.db
[DEBUG] history_deals_get dt_from=2026-06-01T10:34:38.435565+00:00 dt_to=2026-06-01T10:40:38.469517+00:00 deals=0
[DEBUG] recent_exit_position_ids=0
[DEBUG] rebuilt_closed_trades=0
[DEBUG] rows_to_upsert=0
[LOOP] 2026-06-01T10:40:38+00:00 | db_changed=3 | account_type=LIVE | server=FTMO-Server4 | max_close_time_utc=2026-05-29T23:45:00+00:00
[DEBUG] positions_get open_positions=3
[DEBUG] open_positions_current active=3 | upsert_changed=3 | deleted_closed=0 | db=C:\Users\Leon\Desktop\QUANT\Data_Center\Data\1_Pipeline\Trades\live\account_540136824_LIVE\open_positions_current.db
[DEBUG] history_deals_get dt_from=2026-06-01T10:35:38.469517+00:00 dt_to=2026-06-01T10:41:38.536414+00:00 deals=0
[DEBUG] recent_exit_position_ids=0
[DEBUG] rebuilt_closed_trades=0
[DEBUG] rows_to_upsert=0
[LOOP] 2026-06-01T10:41:38+00:00 | db_changed=3 | account_type=LIVE | server=FTMO-Server4 | max_close_time_utc=2026-05-29T23:45:00+00:00
[DEBUG] positions_get open_positions=3
[DEBUG] open_positions_current active=3 | upsert_changed=3 | deleted_closed=0 | db=C:\Users\Leon\Desktop\QUANT\Data_Center\Data\1_Pipeline\Trades\live\account_540136824_LIVE\open_positions_current.db
[DEBUG] history_deals_get dt_from=2026-06-01T10:36:38.536414+00:00 dt_to=2026-06-01T10:42:38.601383+00:00 deals=0
[DEBUG] recent_exit_position_ids=0
[DEBUG] rebuilt_closed_trades=0
[DEBUG] rows_to_upsert=0
[LOOP] 2026-06-01T10:42:38+00:00 | db_changed=3 | account_type=LIVE | server=FTMO-Server4 | max_close_time_utc=2026-05-29T23:45:00+00:00
[DEBUG] positions_get open_positions=3
[DEBUG] open_positions_current active=3 | upsert_changed=3 | deleted_closed=0 | db=C:\Users\Leon\Desktop\QUANT\Data_Center\Data\1_Pipeline\Trades\live\account_540136824_LIVE\open_positions_current.db
[DEBUG] history_deals_get dt_from=2026-06-01T10:37:38.601383+00:00 dt_to=2026-06-01T10:43:38.667880+00:00 deals=0
[DEBUG] recent_exit_position_ids=0
[DEBUG] rebuilt_closed_trades=0
[DEBUG] rows_to_upsert=0
[LOOP] 2026-06-01T10:43:38+00:00 | db_changed=3 | account_type=LIVE | server=FTMO-Server4 | max_close_time_utc=2026-05-29T23:45:00+00:00
[DEBUG] positions_get open_positions=3
[DEBUG] open_positions_current active=3 | upsert_changed=3 | deleted_closed=0 | db=C:\Users\Leon\Desktop\QUANT\Data_Center\Data\1_Pipeline\Trades\live\account_540136824_LIVE\open_positions_current.db
[DEBUG] history_deals_get dt_from=2026-06-01T10:38:38.667880+00:00 dt_to=2026-06-01T10:44:38.688078+00:00 deals=0
[DEBUG] recent_exit_position_ids=0
[DEBUG] rebuilt_closed_trades=0
[DEBUG] rows_to_upsert=0
[LOOP] 2026-06-01T10:44:38+00:00 | db_changed=3 | account_type=LIVE | server=FTMO-Server4 | max_close_time_utc=2026-05-29T23:45:00+00:00
[DEBUG] positions_get open_positions=3
[DEBUG] open_positions_current active=3 | upsert_changed=3 | deleted_closed=0 | db=C:\Users\Leon\Desktop\QUANT\Data_Center\Data\1_Pipeline\Trades\live\account_540136824_LIVE\open_positions_current.db
[DEBUG] history_deals_get dt_from=2026-06-01T10:39:38.688078+00:00 dt_to=2026-06-01T10:45:38.703635+00:00 deals=0
[DEBUG] recent_exit_position_ids=0
[DEBUG] rebuilt_closed_trades=0
[DEBUG] rows_to_upsert=0
[LOOP] 2026-06-01T10:45:38+00:00 | db_changed=3 | account_type=LIVE | server=FTMO-Server4 | max_close_time_utc=2026-05-29T23:45:00+00:00
[DEBUG] positions_get open_positions=3
[DEBUG] open_positions_current active=3 | upsert_changed=3 | deleted_closed=0 | db=C:\Users\Leon\Desktop\QUANT\Data_Center\Data\1_Pipeline\Trades\live\account_540136824_LIVE\open_positions_current.db
[DEBUG] history_deals_get dt_from=2026-06-01T10:40:38.703635+00:00 dt_to=2026-06-01T10:46:38.715652+00:00 deals=0
[DEBUG] recent_exit_position_ids=0
[DEBUG] rebuilt_closed_trades=0
[DEBUG] rows_to_upsert=0
[LOOP] 2026-06-01T10:46:38+00:00 | db_changed=3 | account_type=LIVE | server=FTMO-Server4 | max_close_time_utc=2026-05-29T23:45:00+00:00
[DEBUG] positions_get open_positions=3
[DEBUG] open_positions_current active=3 | upsert_changed=3 | deleted_closed=0 | db=C:\Users\Leon\Desktop\QUANT\Data_Center\Data\1_Pipeline\Trades\live\account_540136824_LIVE\open_positions_current.db
[DEBUG] history_deals_get dt_from=2026-06-01T10:41:38.715652+00:00 dt_to=2026-06-01T10:47:38.726814+00:00 deals=0
[DEBUG] recent_exit_position_ids=0
[DEBUG] rebuilt_closed_trades=0
[DEBUG] rows_to_upsert=0
[LOOP] 2026-06-01T10:47:38+00:00 | db_changed=3 | account_type=LIVE | server=FTMO-Server4 | max_close_time_utc=2026-05-29T23:45:00+00:00
[DEBUG] positions_get open_positions=3
[DEBUG] open_positions_current active=3 | upsert_changed=3 | deleted_closed=0 | db=C:\Users\Leon\Desktop\QUANT\Data_Center\Data\1_Pipeline\Trades\live\account_540136824_LIVE\open_positions_current.db
[DEBUG] history_deals_get dt_from=2026-06-01T10:42:38.726814+00:00 dt_to=2026-06-01T10:48:38.782402+00:00 deals=0
[DEBUG] recent_exit_position_ids=0
[DEBUG] rebuilt_closed_trades=0
[DEBUG] rows_to_upsert=0
[LOOP] 2026-06-01T10:48:38+00:00 | db_changed=3 | account_type=LIVE | server=FTMO-Server4 | max_close_time_utc=2026-05-29T23:45:00+00:00
[DEBUG] positions_get open_positions=3
[DEBUG] open_positions_current active=3 | upsert_changed=3 | deleted_closed=0 | db=C:\Users\Leon\Desktop\QUANT\Data_Center\Data\1_Pipeline\Trades\live\account_540136824_LIVE\open_positions_current.db
[DEBUG] history_deals_get dt_from=2026-06-01T10:43:38.782402+00:00 dt_to=2026-06-01T10:49:38.846379+00:00 deals=0
[DEBUG] recent_exit_position_ids=0
[DEBUG] rebuilt_closed_trades=0
[DEBUG] rows_to_upsert=0
[LOOP] 2026-06-01T10:49:38+00:00 | db_changed=3 | account_type=LIVE | server=FTMO-Server4 | max_close_time_utc=2026-05-29T23:45:00+00:00
[DEBUG] positions_get open_positions=3
[DEBUG] open_positions_current active=3 | upsert_changed=3 | deleted_closed=0 | db=C:\Users\Leon\Desktop\QUANT\Data_Center\Data\1_Pipeline\Trades\live\account_540136824_LIVE\open_positions_current.db
[DEBUG] history_deals_get dt_from=2026-06-01T10:44:38.846379+00:00 dt_to=2026-06-01T10:50:38.910526+00:00 deals=0
[DEBUG] recent_exit_position_ids=0
[DEBUG] rebuilt_closed_trades=0
[DEBUG] rows_to_upsert=0
[LOOP] 2026-06-01T10:50:38+00:00 | db_changed=3 | account_type=LIVE | server=FTMO-Server4 | max_close_time_utc=2026-05-29T23:45:00+00:00
[DEBUG] positions_get open_positions=3
[DEBUG] open_positions_current active=3 | upsert_changed=3 | deleted_closed=0 | db=C:\Users\Leon\Desktop\QUANT\Data_Center\Data\1_Pipeline\Trades\live\account_540136824_LIVE\open_positions_current.db
[DEBUG] history_deals_get dt_from=2026-06-01T10:45:38.910526+00:00 dt_to=2026-06-01T10:51:38.981920+00:00 deals=0
[DEBUG] recent_exit_position_ids=0
[DEBUG] rebuilt_closed_trades=0
[DEBUG] rows_to_upsert=0
[LOOP] 2026-06-01T10:51:38+00:00 | db_changed=3 | account_type=LIVE | server=FTMO-Server4 | max_close_time_utc=2026-05-29T23:45:00+00:00
[DEBUG] positions_get open_positions=3
[DEBUG] open_positions_current active=3 | upsert_changed=3 | deleted_closed=0 | db=C:\Users\Leon\Desktop\QUANT\Data_Center\Data\1_Pipeline\Trades\live\account_540136824_LIVE\open_positions_current.db
[DEBUG] history_deals_get dt_from=2026-06-01T10:46:38.981920+00:00 dt_to=2026-06-01T10:52:38.998650+00:00 deals=0
[DEBUG] recent_exit_position_ids=0
[DEBUG] rebuilt_closed_trades=0
[DEBUG] rows_to_upsert=0
[LOOP] 2026-06-01T10:52:38+00:00 | db_changed=3 | account_type=LIVE | server=FTMO-Server4 | max_close_time_utc=2026-05-29T23:45:00+00:00
[DEBUG] positions_get open_positions=3
[DEBUG] open_positions_current active=3 | upsert_changed=3 | deleted_closed=0 | db=C:\Users\Leon\Desktop\QUANT\Data_Center\Data\1_Pipeline\Trades\live\account_540136824_LIVE\open_positions_current.db
[DEBUG] history_deals_get dt_from=2026-06-01T10:47:38.998650+00:00 dt_to=2026-06-01T10:53:39.061740+00:00 deals=0
[DEBUG] recent_exit_position_ids=0
[DEBUG] rebuilt_closed_trades=0
[DEBUG] rows_to_upsert=0
[LOOP] 2026-06-01T10:53:39+00:00 | db_changed=3 | account_type=LIVE | server=FTMO-Server4 | max_close_time_utc=2026-05-29T23:45:00+00:00
[DEBUG] positions_get open_positions=3
[DEBUG] open_positions_current active=3 | upsert_changed=3 | deleted_closed=0 | db=C:\Users\Leon\Desktop\QUANT\Data_Center\Data\1_Pipeline\Trades\live\account_540136824_LIVE\open_positions_current.db
[DEBUG] history_deals_get dt_from=2026-06-01T10:48:39.061740+00:00 dt_to=2026-06-01T10:54:39.125648+00:00 deals=0
[DEBUG] recent_exit_position_ids=0
[DEBUG] rebuilt_closed_trades=0
[DEBUG] rows_to_upsert=0
[LOOP] 2026-06-01T10:54:39+00:00 | db_changed=3 | account_type=LIVE | server=FTMO-Server4 | max_close_time_utc=2026-05-29T23:45:00+00:00
[DEBUG] positions_get open_positions=3
[DEBUG] open_positions_current active=3 | upsert_changed=3 | deleted_closed=0 | db=C:\Users\Leon\Desktop\QUANT\Data_Center\Data\1_Pipeline\Trades\live\account_540136824_LIVE\open_positions_current.db
[DEBUG] history_deals_get dt_from=2026-06-01T10:49:39.125648+00:00 dt_to=2026-06-01T10:55:39.146105+00:00 deals=0
[DEBUG] recent_exit_position_ids=0
[DEBUG] rebuilt_closed_trades=0
[DEBUG] rows_to_upsert=0
[LOOP] 2026-06-01T10:55:39+00:00 | db_changed=3 | account_type=LIVE | server=FTMO-Server4 | max_close_time_utc=2026-05-29T23:45:00+00:00
[DEBUG] positions_get open_positions=3
[DEBUG] open_positions_current active=3 | upsert_changed=3 | deleted_closed=0 | db=C:\Users\Leon\Desktop\QUANT\Data_Center\Data\1_Pipeline\Trades\live\account_540136824_LIVE\open_positions_current.db
[DEBUG] history_deals_get dt_from=2026-06-01T10:50:39.146105+00:00 dt_to=2026-06-01T10:56:39.199500+00:00 deals=0
[DEBUG] recent_exit_position_ids=0
[DEBUG] rebuilt_closed_trades=0
[DEBUG] rows_to_upsert=0
[LOOP] 2026-06-01T10:56:39+00:00 | db_changed=3 | account_type=LIVE | server=FTMO-Server4 | max_close_time_utc=2026-05-29T23:45:00+00:00
[DEBUG] positions_get open_positions=3
[DEBUG] open_positions_current active=3 | upsert_changed=3 | deleted_closed=0 | db=C:\Users\Leon\Desktop\QUANT\Data_Center\Data\1_Pipeline\Trades\live\account_540136824_LIVE\open_positions_current.db
[DEBUG] history_deals_get dt_from=2026-06-01T10:51:39.199500+00:00 dt_to=2026-06-01T10:57:39.217409+00:00 deals=0
[DEBUG] recent_exit_position_ids=0
[DEBUG] rebuilt_closed_trades=0
[DEBUG] rows_to_upsert=0
[LOOP] 2026-06-01T10:57:39+00:00 | db_changed=3 | account_type=LIVE | server=FTMO-Server4 | max_close_time_utc=2026-05-29T23:45:00+00:00
[DEBUG] positions_get open_positions=3
[DEBUG] open_positions_current active=3 | upsert_changed=3 | deleted_closed=0 | db=C:\Users\Leon\Desktop\QUANT\Data_Center\Data\1_Pipeline\Trades\live\account_540136824_LIVE\open_positions_current.db
[DEBUG] history_deals_get dt_from=2026-06-01T10:52:39.217409+00:00 dt_to=2026-06-01T10:58:39.230953+00:00 deals=0
[DEBUG] recent_exit_position_ids=0
[DEBUG] rebuilt_closed_trades=0
[DEBUG] rows_to_upsert=0
[LOOP] 2026-06-01T10:58:39+00:00 | db_changed=3 | account_type=LIVE | server=FTMO-Server4 | max_close_time_utc=2026-05-29T23:45:00+00:00
[DEBUG] positions_get open_positions=3
[DEBUG] open_positions_current active=3 | upsert_changed=3 | deleted_closed=0 | db=C:\Users\Leon\Desktop\QUANT\Data_Center\Data\1_Pipeline\Trades\live\account_540136824_LIVE\open_positions_current.db
[DEBUG] history_deals_get dt_from=2026-06-01T10:53:39.230953+00:00 dt_to=2026-06-01T10:59:39.289084+00:00 deals=0
[DEBUG] recent_exit_position_ids=0
[DEBUG] rebuilt_closed_trades=0
[DEBUG] rows_to_upsert=0
[LOOP] 2026-06-01T10:59:39+00:00 | db_changed=3 | account_type=LIVE | server=FTMO-Server4 | max_close_time_utc=2026-05-29T23:45:00+00:00
[DEBUG] positions_get open_positions=3
[DEBUG] open_positions_current active=3 | upsert_changed=3 | deleted_closed=0 | db=C:\Users\Leon\Desktop\QUANT\Data_Center\Data\1_Pipeline\Trades\live\account_540136824_LIVE\open_positions_current.db
[DEBUG] history_deals_get dt_from=2026-06-01T10:54:39.289084+00:00 dt_to=2026-06-01T11:00:39.350993+00:00 deals=0
[DEBUG] recent_exit_position_ids=0
[DEBUG] rebuilt_closed_trades=0
[DEBUG] rows_to_upsert=0
[LOOP] 2026-06-01T11:00:39+00:00 | db_changed=3 | account_type=LIVE | server=FTMO-Server4 | max_close_time_utc=2026-05-29T23:45:00+00:00
[DEBUG] positions_get open_positions=3
[DEBUG] open_positions_current active=3 | upsert_changed=3 | deleted_closed=0 | db=C:\Users\Leon\Desktop\QUANT\Data_Center\Data\1_Pipeline\Trades\live\account_540136824_LIVE\open_positions_current.db
[DEBUG] history_deals_get dt_from=2026-06-01T10:55:39.350993+00:00 dt_to=2026-06-01T11:01:39.372218+00:00 deals=0
[DEBUG] recent_exit_position_ids=0
[DEBUG] rebuilt_closed_trades=0
[DEBUG] rows_to_upsert=0
[LOOP] 2026-06-01T11:01:39+00:00 | db_changed=3 | account_type=LIVE | server=FTMO-Server4 | max_close_time_utc=2026-05-29T23:45:00+00:00
[DEBUG] positions_get open_positions=3
[DEBUG] open_positions_current active=3 | upsert_changed=3 | deleted_closed=0 | db=C:\Users\Leon\Desktop\QUANT\Data_Center\Data\1_Pipeline\Trades\live\account_540136824_LIVE\open_positions_current.db
[DEBUG] history_deals_get dt_from=2026-06-01T10:56:39.372218+00:00 dt_to=2026-06-01T11:02:39.429170+00:00 deals=0
[DEBUG] recent_exit_position_ids=0
[DEBUG] rebuilt_closed_trades=0
[DEBUG] rows_to_upsert=0
[LOOP] 2026-06-01T11:02:39+00:00 | db_changed=3 | account_type=LIVE | server=FTMO-Server4 | max_close_time_utc=2026-05-29T23:45:00+00:00
[DEBUG] positions_get open_positions=3
[DEBUG] open_positions_current active=3 | upsert_changed=3 | deleted_closed=0 | db=C:\Users\Leon\Desktop\QUANT\Data_Center\Data\1_Pipeline\Trades\live\account_540136824_LIVE\open_positions_current.db
[DEBUG] history_deals_get dt_from=2026-06-01T10:57:39.429170+00:00 dt_to=2026-06-01T11:03:39.496543+00:00 deals=0
[DEBUG] recent_exit_position_ids=0
