[INFO] terminal64.exe = C:\Users\Leon\Desktop\Terminals\MetaTrader 5 - Kopie - Kopie - Kopie (11) - Kopie - Kopie - Kopie - Kopie\terminal64.exe
[INFO] SCRIPT_PATH = C:\Users\Leon\Desktop\QUANT\Data_Center\Backend_Management\1_Pipelines\Trades\FTMO_LIVE_540136817.py
[INFO] QUANT_ROOT = C:\Users\Leon\Desktop\QUANT
[INFO] DATA_DIR = C:\Users\Leon\Desktop\QUANT\Data_Center\Data
[INFO] BACKEND_MANAGEMENT_DIR = C:\Users\Leon\Desktop\QUANT\Data_Center\Backend_Management
[INFO] PIPELINES_DIR = C:\Users\Leon\Desktop\QUANT\Data_Center\Backend_Management\1_Pipelines
[INFO] PIPELINE_DATA_DIR = C:\Users\Leon\Desktop\QUANT\Data_Center\Data\1_Pipeline
[INFO] TRADES_DATA_DIR = C:\Users\Leon\Desktop\QUANT\Data_Center\Data\1_Pipeline\Trades
[INFO] OUTPUT_DIR = C:\Users\Leon\Desktop\QUANT\Data_Center\Data\1_Pipeline\Trades\Live\account_540136817_LIVE
[OK] Connected: 540136817 | FTMO Challenge USD | FTMO-Server4 | LIVE
[DEBUG] history_deals_get dt_from=2025-06-01T08:13:03.932526+00:00 dt_to=2026-06-01T08:13:03.932526+00:00 deals=1741
[DEBUG] backfill closed_trades_found=869
[DEBUG]      position_id  symbol  ...       tp close_ticket
859    135718028  USDJPY  ...  159.813    126668940
860    136183108  EURUSD  ...  1.16491    126877482
861    136058860  AUDJPY  ...  114.666    127029262
862    136100959  USDJPY  ...  160.155    127029239
863    136032639  EURGBP  ...  0.86298    127029267
864    136434812  AUDJPY  ...  114.474    127393548
865    136436853  EURGBP  ...  0.86443    127393549
866    136841739  EURUSD  ...  1.16563    127496861
867    136826247  EURGBP  ...  0.86511    127720489
868    137060498  USDJPY  ...  160.154    127720487

[10 rows x 7 columns]
[DEBUG] rows_to_upsert=869
[DEBUG] existing_close_tickets_before=0
[DB][LIVE][FTMO-Server4] changed=869 -> C:\Users\Leon\Desktop\QUANT\Data_Center\Data\1_Pipeline\Trades\live\account_540136817_LIVE\closed_trades.db
[OK] Backfill done. Folder: C:\Users\Leon\Desktop\QUANT\Data_Center\Data\1_Pipeline\Trades\Live\account_540136817_LIVE | account_type=LIVE | server=FTMO-Server4
[OK] DB rows: 869
[OK] DB max close_time_utc: 2026-05-29T23:45:00+00:00
[OK] Open positions DB: C:\Users\Leon\Desktop\QUANT\Data_Center\Data\1_Pipeline\Trades\live\account_540136817_LIVE\open_positions_current.db
[INFO] Polling every 60s. Account=540136817 | Type=LIVE | Server=FTMO-Server4. Stop with CTRL+C.
[DEBUG] positions_get open_positions=3
[DEBUG] open_positions_current active=3 | upsert_changed=3 | deleted_closed=0 | db=C:\Users\Leon\Desktop\QUANT\Data_Center\Data\1_Pipeline\Trades\live\account_540136817_LIVE\open_positions_current.db
[DEBUG] history_deals_get dt_from=2026-06-01T08:03:03.932526+00:00 dt_to=2026-06-01T08:13:05.274392+00:00 deals=0
[DEBUG] recent_exit_position_ids=0
[DEBUG] rebuilt_closed_trades=0
[DEBUG] rows_to_upsert=0
[LOOP] 2026-06-01T08:13:05+00:00 | db_changed=3 | account_type=LIVE | server=FTMO-Server4 | max_close_time_utc=2026-05-29T23:45:00+00:00
[DEBUG] positions_get open_positions=3
[DEBUG] open_positions_current active=3 | upsert_changed=3 | deleted_closed=0 | db=C:\Users\Leon\Desktop\QUANT\Data_Center\Data\1_Pipeline\Trades\live\account_540136817_LIVE\open_positions_current.db
[DEBUG] history_deals_get dt_from=2026-06-01T08:08:05.274392+00:00 dt_to=2026-06-01T08:14:05.285028+00:00 deals=0
[DEBUG] recent_exit_position_ids=0
[DEBUG] rebuilt_closed_trades=0
[DEBUG] rows_to_upsert=0
[LOOP] 2026-06-01T08:14:05+00:00 | db_changed=3 | account_type=LIVE | server=FTMO-Server4 | max_close_time_utc=2026-05-29T23:45:00+00:00
[DEBUG] positions_get open_positions=3
[DEBUG] open_positions_current active=3 | upsert_changed=3 | deleted_closed=0 | db=C:\Users\Leon\Desktop\QUANT\Data_Center\Data\1_Pipeline\Trades\live\account_540136817_LIVE\open_positions_current.db
[DEBUG] history_deals_get dt_from=2026-06-01T08:09:05.285028+00:00 dt_to=2026-06-01T08:15:05.295935+00:00 deals=0
[DEBUG] recent_exit_position_ids=0
[DEBUG] rebuilt_closed_trades=0
[DEBUG] rows_to_upsert=0
[LOOP] 2026-06-01T08:15:05+00:00 | db_changed=3 | account_type=LIVE | server=FTMO-Server4 | max_close_time_utc=2026-05-29T23:45:00+00:00
[DEBUG] positions_get open_positions=3
[DEBUG] open_positions_current active=3 | upsert_changed=3 | deleted_closed=0 | db=C:\Users\Leon\Desktop\QUANT\Data_Center\Data\1_Pipeline\Trades\live\account_540136817_LIVE\open_positions_current.db
[DEBUG] history_deals_get dt_from=2026-06-01T08:10:05.295935+00:00 dt_to=2026-06-01T08:16:05.305169+00:00 deals=0
[DEBUG] recent_exit_position_ids=0
[DEBUG] rebuilt_closed_trades=0
[DEBUG] rows_to_upsert=0
[LOOP] 2026-06-01T08:16:05+00:00 | db_changed=3 | account_type=LIVE | server=FTMO-Server4 | max_close_time_utc=2026-05-29T23:45:00+00:00
[DEBUG] positions_get open_positions=3
[DEBUG] open_positions_current active=3 | upsert_changed=3 | deleted_closed=0 | db=C:\Users\Leon\Desktop\QUANT\Data_Center\Data\1_Pipeline\Trades\live\account_540136817_LIVE\open_positions_current.db
[DEBUG] history_deals_get dt_from=2026-06-01T08:11:05.305169+00:00 dt_to=2026-06-01T08:17:05.315492+00:00 deals=0
[DEBUG] recent_exit_position_ids=0
[DEBUG] rebuilt_closed_trades=0
[DEBUG] rows_to_upsert=0
[LOOP] 2026-06-01T08:17:05+00:00 | db_changed=3 | account_type=LIVE | server=FTMO-Server4 | max_close_time_utc=2026-05-29T23:45:00+00:00
[DEBUG] positions_get open_positions=3
[DEBUG] open_positions_current active=3 | upsert_changed=3 | deleted_closed=0 | db=C:\Users\Leon\Desktop\QUANT\Data_Center\Data\1_Pipeline\Trades\live\account_540136817_LIVE\open_positions_current.db
[DEBUG] history_deals_get dt_from=2026-06-01T08:12:05.315492+00:00 dt_to=2026-06-01T08:18:05.325843+00:00 deals=0
[DEBUG] recent_exit_position_ids=0
[DEBUG] rebuilt_closed_trades=0
[DEBUG] rows_to_upsert=0
[LOOP] 2026-06-01T08:18:05+00:00 | db_changed=3 | account_type=LIVE | server=FTMO-Server4 | max_close_time_utc=2026-05-29T23:45:00+00:00
[DEBUG] positions_get open_positions=3
[DEBUG] open_positions_current active=3 | upsert_changed=3 | deleted_closed=0 | db=C:\Users\Leon\Desktop\QUANT\Data_Center\Data\1_Pipeline\Trades\live\account_540136817_LIVE\open_positions_current.db
[DEBUG] history_deals_get dt_from=2026-06-01T08:13:05.325843+00:00 dt_to=2026-06-01T08:19:05.333959+00:00 deals=0
[DEBUG] recent_exit_position_ids=0
[DEBUG] rebuilt_closed_trades=0
[DEBUG] rows_to_upsert=0
[LOOP] 2026-06-01T08:19:05+00:00 | db_changed=3 | account_type=LIVE | server=FTMO-Server4 | max_close_time_utc=2026-05-29T23:45:00+00:00
[DEBUG] positions_get open_positions=3
[DEBUG] open_positions_current active=3 | upsert_changed=3 | deleted_closed=0 | db=C:\Users\Leon\Desktop\QUANT\Data_Center\Data\1_Pipeline\Trades\live\account_540136817_LIVE\open_positions_current.db
[DEBUG] history_deals_get dt_from=2026-06-01T08:14:05.333959+00:00 dt_to=2026-06-01T08:20:05.343765+00:00 deals=0
[DEBUG] recent_exit_position_ids=0
[DEBUG] rebuilt_closed_trades=0
[DEBUG] rows_to_upsert=0
[LOOP] 2026-06-01T08:20:05+00:00 | db_changed=3 | account_type=LIVE | server=FTMO-Server4 | max_close_time_utc=2026-05-29T23:45:00+00:00
[DEBUG] positions_get open_positions=3
[DEBUG] open_positions_current active=3 | upsert_changed=3 | deleted_closed=0 | db=C:\Users\Leon\Desktop\QUANT\Data_Center\Data\1_Pipeline\Trades\live\account_540136817_LIVE\open_positions_current.db
[DEBUG] history_deals_get dt_from=2026-06-01T08:15:05.343765+00:00 dt_to=2026-06-01T08:21:05.381197+00:00 deals=0
[DEBUG] recent_exit_position_ids=0
[DEBUG] rebuilt_closed_trades=0
[DEBUG] rows_to_upsert=0
[LOOP] 2026-06-01T08:21:05+00:00 | db_changed=3 | account_type=LIVE | server=FTMO-Server4 | max_close_time_utc=2026-05-29T23:45:00+00:00
[DEBUG] positions_get open_positions=3
[DEBUG] open_positions_current active=3 | upsert_changed=3 | deleted_closed=0 | db=C:\Users\Leon\Desktop\QUANT\Data_Center\Data\1_Pipeline\Trades\live\account_540136817_LIVE\open_positions_current.db
[DEBUG] history_deals_get dt_from=2026-06-01T08:16:05.381197+00:00 dt_to=2026-06-01T08:22:05.444618+00:00 deals=0
[DEBUG] recent_exit_position_ids=0
[DEBUG] rebuilt_closed_trades=0
[DEBUG] rows_to_upsert=0
[LOOP] 2026-06-01T08:22:05+00:00 | db_changed=3 | account_type=LIVE | server=FTMO-Server4 | max_close_time_utc=2026-05-29T23:45:00+00:00
[DEBUG] positions_get open_positions=3
[DEBUG] open_positions_current active=3 | upsert_changed=3 | deleted_closed=0 | db=C:\Users\Leon\Desktop\QUANT\Data_Center\Data\1_Pipeline\Trades\live\account_540136817_LIVE\open_positions_current.db
[DEBUG] history_deals_get dt_from=2026-06-01T08:17:05.444618+00:00 dt_to=2026-06-01T08:23:05.464388+00:00 deals=0
[DEBUG] recent_exit_position_ids=0
[DEBUG] rebuilt_closed_trades=0
[DEBUG] rows_to_upsert=0
[LOOP] 2026-06-01T08:23:05+00:00 | db_changed=3 | account_type=LIVE | server=FTMO-Server4 | max_close_time_utc=2026-05-29T23:45:00+00:00
[DEBUG] positions_get open_positions=3
[DEBUG] open_positions_current active=3 | upsert_changed=3 | deleted_closed=0 | db=C:\Users\Leon\Desktop\QUANT\Data_Center\Data\1_Pipeline\Trades\live\account_540136817_LIVE\open_positions_current.db
[DEBUG] history_deals_get dt_from=2026-06-01T08:18:05.464388+00:00 dt_to=2026-06-01T08:24:05.478055+00:00 deals=0
[DEBUG] recent_exit_position_ids=0
[DEBUG] rebuilt_closed_trades=0
[DEBUG] rows_to_upsert=0
[LOOP] 2026-06-01T08:24:05+00:00 | db_changed=3 | account_type=LIVE | server=FTMO-Server4 | max_close_time_utc=2026-05-29T23:45:00+00:00
[DEBUG] positions_get open_positions=3
[DEBUG] open_positions_current active=3 | upsert_changed=3 | deleted_closed=0 | db=C:\Users\Leon\Desktop\QUANT\Data_Center\Data\1_Pipeline\Trades\live\account_540136817_LIVE\open_positions_current.db
[DEBUG] history_deals_get dt_from=2026-06-01T08:19:05.478055+00:00 dt_to=2026-06-01T08:25:05.495480+00:00 deals=0
[DEBUG] recent_exit_position_ids=0
[DEBUG] rebuilt_closed_trades=0
[DEBUG] rows_to_upsert=0
[LOOP] 2026-06-01T08:25:05+00:00 | db_changed=3 | account_type=LIVE | server=FTMO-Server4 | max_close_time_utc=2026-05-29T23:45:00+00:00
[DEBUG] positions_get open_positions=3
[DEBUG] open_positions_current active=3 | upsert_changed=3 | deleted_closed=0 | db=C:\Users\Leon\Desktop\QUANT\Data_Center\Data\1_Pipeline\Trades\live\account_540136817_LIVE\open_positions_current.db
[DEBUG] history_deals_get dt_from=2026-06-01T08:20:05.495480+00:00 dt_to=2026-06-01T08:26:05.512471+00:00 deals=0
[DEBUG] recent_exit_position_ids=0
[DEBUG] rebuilt_closed_trades=0
[DEBUG] rows_to_upsert=0
[LOOP] 2026-06-01T08:26:05+00:00 | db_changed=3 | account_type=LIVE | server=FTMO-Server4 | max_close_time_utc=2026-05-29T23:45:00+00:00
[DEBUG] positions_get open_positions=3
[DEBUG] open_positions_current active=3 | upsert_changed=3 | deleted_closed=0 | db=C:\Users\Leon\Desktop\QUANT\Data_Center\Data\1_Pipeline\Trades\live\account_540136817_LIVE\open_positions_current.db
[DEBUG] history_deals_get dt_from=2026-06-01T08:21:05.512471+00:00 dt_to=2026-06-01T08:27:05.530231+00:00 deals=0
[DEBUG] recent_exit_position_ids=0
[DEBUG] rebuilt_closed_trades=0
[DEBUG] rows_to_upsert=0
[LOOP] 2026-06-01T08:27:05+00:00 | db_changed=3 | account_type=LIVE | server=FTMO-Server4 | max_close_time_utc=2026-05-29T23:45:00+00:00
[DEBUG] positions_get open_positions=3
[DEBUG] open_positions_current active=3 | upsert_changed=3 | deleted_closed=0 | db=C:\Users\Leon\Desktop\QUANT\Data_Center\Data\1_Pipeline\Trades\live\account_540136817_LIVE\open_positions_current.db
[DEBUG] history_deals_get dt_from=2026-06-01T08:22:05.530231+00:00 dt_to=2026-06-01T08:28:05.545856+00:00 deals=0
[DEBUG] recent_exit_position_ids=0
[DEBUG] rebuilt_closed_trades=0
[DEBUG] rows_to_upsert=0
[LOOP] 2026-06-01T08:28:05+00:00 | db_changed=3 | account_type=LIVE | server=FTMO-Server4 | max_close_time_utc=2026-05-29T23:45:00+00:00
[DEBUG] positions_get open_positions=3
[DEBUG] open_positions_current active=3 | upsert_changed=3 | deleted_closed=0 | db=C:\Users\Leon\Desktop\QUANT\Data_Center\Data\1_Pipeline\Trades\live\account_540136817_LIVE\open_positions_current.db
[DEBUG] history_deals_get dt_from=2026-06-01T08:23:05.545856+00:00 dt_to=2026-06-01T08:29:05.559249+00:00 deals=0
[DEBUG] recent_exit_position_ids=0
[DEBUG] rebuilt_closed_trades=0
[DEBUG] rows_to_upsert=0
[LOOP] 2026-06-01T08:29:05+00:00 | db_changed=3 | account_type=LIVE | server=FTMO-Server4 | max_close_time_utc=2026-05-29T23:45:00+00:00
[DEBUG] positions_get open_positions=3
[DEBUG] open_positions_current active=3 | upsert_changed=3 | deleted_closed=0 | db=C:\Users\Leon\Desktop\QUANT\Data_Center\Data\1_Pipeline\Trades\live\account_540136817_LIVE\open_positions_current.db
[DEBUG] history_deals_get dt_from=2026-06-01T08:24:05.559249+00:00 dt_to=2026-06-01T08:30:05.616759+00:00 deals=0
[DEBUG] recent_exit_position_ids=0
[DEBUG] rebuilt_closed_trades=0
[DEBUG] rows_to_upsert=0
[LOOP] 2026-06-01T08:30:05+00:00 | db_changed=3 | account_type=LIVE | server=FTMO-Server4 | max_close_time_utc=2026-05-29T23:45:00+00:00
[DEBUG] positions_get open_positions=3
[DEBUG] open_positions_current active=3 | upsert_changed=3 | deleted_closed=0 | db=C:\Users\Leon\Desktop\QUANT\Data_Center\Data\1_Pipeline\Trades\live\account_540136817_LIVE\open_positions_current.db
[DEBUG] history_deals_get dt_from=2026-06-01T08:25:05.616759+00:00 dt_to=2026-06-01T08:31:05.681042+00:00 deals=0
[DEBUG] recent_exit_position_ids=0
[DEBUG] rebuilt_closed_trades=0
[DEBUG] rows_to_upsert=0
[LOOP] 2026-06-01T08:31:05+00:00 | db_changed=3 | account_type=LIVE | server=FTMO-Server4 | max_close_time_utc=2026-05-29T23:45:00+00:00
[DEBUG] positions_get open_positions=3
[DEBUG] open_positions_current active=3 | upsert_changed=3 | deleted_closed=0 | db=C:\Users\Leon\Desktop\QUANT\Data_Center\Data\1_Pipeline\Trades\live\account_540136817_LIVE\open_positions_current.db
[DEBUG] history_deals_get dt_from=2026-06-01T08:26:05.681042+00:00 dt_to=2026-06-01T08:32:05.696751+00:00 deals=0
[DEBUG] recent_exit_position_ids=0
[DEBUG] rebuilt_closed_trades=0
[DEBUG] rows_to_upsert=0
[LOOP] 2026-06-01T08:32:05+00:00 | db_changed=3 | account_type=LIVE | server=FTMO-Server4 | max_close_time_utc=2026-05-29T23:45:00+00:00
[DEBUG] positions_get open_positions=3
[DEBUG] open_positions_current active=3 | upsert_changed=3 | deleted_closed=0 | db=C:\Users\Leon\Desktop\QUANT\Data_Center\Data\1_Pipeline\Trades\live\account_540136817_LIVE\open_positions_current.db
[DEBUG] history_deals_get dt_from=2026-06-01T08:27:05.696751+00:00 dt_to=2026-06-01T08:33:05.754001+00:00 deals=0
[DEBUG] recent_exit_position_ids=0
[DEBUG] rebuilt_closed_trades=0
[DEBUG] rows_to_upsert=0
[LOOP] 2026-06-01T08:33:05+00:00 | db_changed=3 | account_type=LIVE | server=FTMO-Server4 | max_close_time_utc=2026-05-29T23:45:00+00:00
[DEBUG] positions_get open_positions=3
[DEBUG] open_positions_current active=3 | upsert_changed=3 | deleted_closed=0 | db=C:\Users\Leon\Desktop\QUANT\Data_Center\Data\1_Pipeline\Trades\live\account_540136817_LIVE\open_positions_current.db
[DEBUG] history_deals_get dt_from=2026-06-01T08:28:05.754001+00:00 dt_to=2026-06-01T08:34:05.770191+00:00 deals=0
[DEBUG] recent_exit_position_ids=0
[DEBUG] rebuilt_closed_trades=0
[DEBUG] rows_to_upsert=0
[LOOP] 2026-06-01T08:34:05+00:00 | db_changed=3 | account_type=LIVE | server=FTMO-Server4 | max_close_time_utc=2026-05-29T23:45:00+00:00
[DEBUG] positions_get open_positions=3
[DEBUG] open_positions_current active=3 | upsert_changed=3 | deleted_closed=0 | db=C:\Users\Leon\Desktop\QUANT\Data_Center\Data\1_Pipeline\Trades\live\account_540136817_LIVE\open_positions_current.db
[DEBUG] history_deals_get dt_from=2026-06-01T08:29:05.770191+00:00 dt_to=2026-06-01T08:35:05.786048+00:00 deals=0
[DEBUG] recent_exit_position_ids=0
[DEBUG] rebuilt_closed_trades=0
[DEBUG] rows_to_upsert=0
[LOOP] 2026-06-01T08:35:05+00:00 | db_changed=3 | account_type=LIVE | server=FTMO-Server4 | max_close_time_utc=2026-05-29T23:45:00+00:00
[DEBUG] positions_get open_positions=3
[DEBUG] open_positions_current active=3 | upsert_changed=3 | deleted_closed=0 | db=C:\Users\Leon\Desktop\QUANT\Data_Center\Data\1_Pipeline\Trades\live\account_540136817_LIVE\open_positions_current.db
[DEBUG] history_deals_get dt_from=2026-06-01T08:30:05.786048+00:00 dt_to=2026-06-01T08:36:05.845737+00:00 deals=0
[DEBUG] recent_exit_position_ids=0
[DEBUG] rebuilt_closed_trades=0
[DEBUG] rows_to_upsert=0
[LOOP] 2026-06-01T08:36:05+00:00 | db_changed=3 | account_type=LIVE | server=FTMO-Server4 | max_close_time_utc=2026-05-29T23:45:00+00:00
[DEBUG] positions_get open_positions=3
[DEBUG] open_positions_current active=3 | upsert_changed=3 | deleted_closed=0 | db=C:\Users\Leon\Desktop\QUANT\Data_Center\Data\1_Pipeline\Trades\live\account_540136817_LIVE\open_positions_current.db
[DEBUG] history_deals_get dt_from=2026-06-01T08:31:05.845737+00:00 dt_to=2026-06-01T08:37:05.911428+00:00 deals=0
[DEBUG] recent_exit_position_ids=0
[DEBUG] rebuilt_closed_trades=0
[DEBUG] rows_to_upsert=0
[LOOP] 2026-06-01T08:37:05+00:00 | db_changed=3 | account_type=LIVE | server=FTMO-Server4 | max_close_time_utc=2026-05-29T23:45:00+00:00
[DEBUG] positions_get open_positions=3
[DEBUG] open_positions_current active=3 | upsert_changed=3 | deleted_closed=0 | db=C:\Users\Leon\Desktop\QUANT\Data_Center\Data\1_Pipeline\Trades\live\account_540136817_LIVE\open_positions_current.db
[DEBUG] history_deals_get dt_from=2026-06-01T08:32:05.911428+00:00 dt_to=2026-06-01T08:38:05.969914+00:00 deals=0
[DEBUG] recent_exit_position_ids=0
[DEBUG] rebuilt_closed_trades=0
[DEBUG] rows_to_upsert=0
[LOOP] 2026-06-01T08:38:05+00:00 | db_changed=3 | account_type=LIVE | server=FTMO-Server4 | max_close_time_utc=2026-05-29T23:45:00+00:00
[DEBUG] positions_get open_positions=3
[DEBUG] open_positions_current active=3 | upsert_changed=3 | deleted_closed=0 | db=C:\Users\Leon\Desktop\QUANT\Data_Center\Data\1_Pipeline\Trades\live\account_540136817_LIVE\open_positions_current.db
[DEBUG] history_deals_get dt_from=2026-06-01T08:33:05.969914+00:00 dt_to=2026-06-01T08:39:06.037671+00:00 deals=0
[DEBUG] recent_exit_position_ids=0
[DEBUG] rebuilt_closed_trades=0
[DEBUG] rows_to_upsert=0
[LOOP] 2026-06-01T08:39:05+00:00 | db_changed=3 | account_type=LIVE | server=FTMO-Server4 | max_close_time_utc=2026-05-29T23:45:00+00:00
[DEBUG] positions_get open_positions=3
[DEBUG] open_positions_current active=3 | upsert_changed=3 | deleted_closed=0 | db=C:\Users\Leon\Desktop\QUANT\Data_Center\Data\1_Pipeline\Trades\live\account_540136817_LIVE\open_positions_current.db
[DEBUG] history_deals_get dt_from=2026-06-01T08:34:06.037671+00:00 dt_to=2026-06-01T08:40:06.056788+00:00 deals=0
[DEBUG] recent_exit_position_ids=0
[DEBUG] rebuilt_closed_trades=0
[DEBUG] rows_to_upsert=0
[LOOP] 2026-06-01T08:40:06+00:00 | db_changed=3 | account_type=LIVE | server=FTMO-Server4 | max_close_time_utc=2026-05-29T23:45:00+00:00
[DEBUG] positions_get open_positions=3
[DEBUG] open_positions_current active=3 | upsert_changed=3 | deleted_closed=0 | db=C:\Users\Leon\Desktop\QUANT\Data_Center\Data\1_Pipeline\Trades\live\account_540136817_LIVE\open_positions_current.db
[DEBUG] history_deals_get dt_from=2026-06-01T08:35:06.056788+00:00 dt_to=2026-06-01T08:41:06.115856+00:00 deals=0
[DEBUG] recent_exit_position_ids=0
[DEBUG] rebuilt_closed_trades=0
[DEBUG] rows_to_upsert=0
[LOOP] 2026-06-01T08:41:06+00:00 | db_changed=3 | account_type=LIVE | server=FTMO-Server4 | max_close_time_utc=2026-05-29T23:45:00+00:00
[DEBUG] positions_get open_positions=3
[DEBUG] open_positions_current active=3 | upsert_changed=3 | deleted_closed=0 | db=C:\Users\Leon\Desktop\QUANT\Data_Center\Data\1_Pipeline\Trades\live\account_540136817_LIVE\open_positions_current.db
[DEBUG] history_deals_get dt_from=2026-06-01T08:36:06.115856+00:00 dt_to=2026-06-01T08:42:06.180928+00:00 deals=0
[DEBUG] recent_exit_position_ids=0
[DEBUG] rebuilt_closed_trades=0
[DEBUG] rows_to_upsert=0
[LOOP] 2026-06-01T08:42:06+00:00 | db_changed=3 | account_type=LIVE | server=FTMO-Server4 | max_close_time_utc=2026-05-29T23:45:00+00:00
[DEBUG] positions_get open_positions=3
[DEBUG] open_positions_current active=3 | upsert_changed=3 | deleted_closed=0 | db=C:\Users\Leon\Desktop\QUANT\Data_Center\Data\1_Pipeline\Trades\live\account_540136817_LIVE\open_positions_current.db
[DEBUG] history_deals_get dt_from=2026-06-01T08:37:06.180928+00:00 dt_to=2026-06-01T08:43:06.199671+00:00 deals=0
[DEBUG] recent_exit_position_ids=0
[DEBUG] rebuilt_closed_trades=0
[DEBUG] rows_to_upsert=0
[LOOP] 2026-06-01T08:43:06+00:00 | db_changed=3 | account_type=LIVE | server=FTMO-Server4 | max_close_time_utc=2026-05-29T23:45:00+00:00
[DEBUG] positions_get open_positions=3
[DEBUG] open_positions_current active=3 | upsert_changed=3 | deleted_closed=0 | db=C:\Users\Leon\Desktop\QUANT\Data_Center\Data\1_Pipeline\Trades\live\account_540136817_LIVE\open_positions_current.db
[DEBUG] history_deals_get dt_from=2026-06-01T08:38:06.199671+00:00 dt_to=2026-06-01T08:44:06.217177+00:00 deals=0
[DEBUG] recent_exit_position_ids=0
[DEBUG] rebuilt_closed_trades=0
[DEBUG] rows_to_upsert=0
[LOOP] 2026-06-01T08:44:06+00:00 | db_changed=3 | account_type=LIVE | server=FTMO-Server4 | max_close_time_utc=2026-05-29T23:45:00+00:00
[DEBUG] positions_get open_positions=3
[DEBUG] open_positions_current active=3 | upsert_changed=3 | deleted_closed=0 | db=C:\Users\Leon\Desktop\QUANT\Data_Center\Data\1_Pipeline\Trades\live\account_540136817_LIVE\open_positions_current.db
[DEBUG] history_deals_get dt_from=2026-06-01T08:39:06.217177+00:00 dt_to=2026-06-01T08:45:06.232486+00:00 deals=0
[DEBUG] recent_exit_position_ids=0
[DEBUG] rebuilt_closed_trades=0
[DEBUG] rows_to_upsert=0
[LOOP] 2026-06-01T08:45:06+00:00 | db_changed=3 | account_type=LIVE | server=FTMO-Server4 | max_close_time_utc=2026-05-29T23:45:00+00:00
[DEBUG] positions_get open_positions=3
[DEBUG] open_positions_current active=3 | upsert_changed=3 | deleted_closed=0 | db=C:\Users\Leon\Desktop\QUANT\Data_Center\Data\1_Pipeline\Trades\live\account_540136817_LIVE\open_positions_current.db
[DEBUG] history_deals_get dt_from=2026-06-01T08:40:06.232486+00:00 dt_to=2026-06-01T08:46:06.292754+00:00 deals=0
[DEBUG] recent_exit_position_ids=0
[DEBUG] rebuilt_closed_trades=0
[DEBUG] rows_to_upsert=0
[LOOP] 2026-06-01T08:46:06+00:00 | db_changed=3 | account_type=LIVE | server=FTMO-Server4 | max_close_time_utc=2026-05-29T23:45:00+00:00
[DEBUG] positions_get open_positions=3
[DEBUG] open_positions_current active=3 | upsert_changed=3 | deleted_closed=0 | db=C:\Users\Leon\Desktop\QUANT\Data_Center\Data\1_Pipeline\Trades\live\account_540136817_LIVE\open_positions_current.db
[DEBUG] history_deals_get dt_from=2026-06-01T08:41:06.292754+00:00 dt_to=2026-06-01T08:47:06.309484+00:00 deals=0
[DEBUG] recent_exit_position_ids=0
[DEBUG] rebuilt_closed_trades=0
[DEBUG] rows_to_upsert=0
[LOOP] 2026-06-01T08:47:06+00:00 | db_changed=3 | account_type=LIVE | server=FTMO-Server4 | max_close_time_utc=2026-05-29T23:45:00+00:00
[DEBUG] positions_get open_positions=3
[DEBUG] open_positions_current active=3 | upsert_changed=3 | deleted_closed=0 | db=C:\Users\Leon\Desktop\QUANT\Data_Center\Data\1_Pipeline\Trades\live\account_540136817_LIVE\open_positions_current.db
[DEBUG] history_deals_get dt_from=2026-06-01T08:42:06.309484+00:00 dt_to=2026-06-01T08:48:06.371329+00:00 deals=0
[DEBUG] recent_exit_position_ids=0
[DEBUG] rebuilt_closed_trades=0
[DEBUG] rows_to_upsert=0
[LOOP] 2026-06-01T08:48:06+00:00 | db_changed=3 | account_type=LIVE | server=FTMO-Server4 | max_close_time_utc=2026-05-29T23:45:00+00:00
[DEBUG] positions_get open_positions=3
[DEBUG] open_positions_current active=3 | upsert_changed=3 | deleted_closed=0 | db=C:\Users\Leon\Desktop\QUANT\Data_Center\Data\1_Pipeline\Trades\live\account_540136817_LIVE\open_positions_current.db
[DEBUG] history_deals_get dt_from=2026-06-01T08:43:06.371329+00:00 dt_to=2026-06-01T08:49:06.381897+00:00 deals=0
[DEBUG] recent_exit_position_ids=0
[DEBUG] rebuilt_closed_trades=0
[DEBUG] rows_to_upsert=0
[LOOP] 2026-06-01T08:49:06+00:00 | db_changed=3 | account_type=LIVE | server=FTMO-Server4 | max_close_time_utc=2026-05-29T23:45:00+00:00
[DEBUG] positions_get open_positions=3
[DEBUG] open_positions_current active=3 | upsert_changed=3 | deleted_closed=0 | db=C:\Users\Leon\Desktop\QUANT\Data_Center\Data\1_Pipeline\Trades\live\account_540136817_LIVE\open_positions_current.db
[DEBUG] history_deals_get dt_from=2026-06-01T08:44:06.381897+00:00 dt_to=2026-06-01T08:50:06.395592+00:00 deals=0
[DEBUG] recent_exit_position_ids=0
[DEBUG] rebuilt_closed_trades=0
[DEBUG] rows_to_upsert=0
[LOOP] 2026-06-01T08:50:06+00:00 | db_changed=3 | account_type=LIVE | server=FTMO-Server4 | max_close_time_utc=2026-05-29T23:45:00+00:00
[DEBUG] positions_get open_positions=3
[DEBUG] open_positions_current active=3 | upsert_changed=3 | deleted_closed=0 | db=C:\Users\Leon\Desktop\QUANT\Data_Center\Data\1_Pipeline\Trades\live\account_540136817_LIVE\open_positions_current.db
[DEBUG] history_deals_get dt_from=2026-06-01T08:45:06.395592+00:00 dt_to=2026-06-01T08:51:06.408602+00:00 deals=0
[DEBUG] recent_exit_position_ids=0
[DEBUG] rebuilt_closed_trades=0
[DEBUG] rows_to_upsert=0
[LOOP] 2026-06-01T08:51:06+00:00 | db_changed=3 | account_type=LIVE | server=FTMO-Server4 | max_close_time_utc=2026-05-29T23:45:00+00:00
[DEBUG] positions_get open_positions=3
[DEBUG] open_positions_current active=3 | upsert_changed=3 | deleted_closed=0 | db=C:\Users\Leon\Desktop\QUANT\Data_Center\Data\1_Pipeline\Trades\live\account_540136817_LIVE\open_positions_current.db
[DEBUG] history_deals_get dt_from=2026-06-01T08:46:06.408602+00:00 dt_to=2026-06-01T08:52:06.419705+00:00 deals=0
[DEBUG] recent_exit_position_ids=0
[DEBUG] rebuilt_closed_trades=0
[DEBUG] rows_to_upsert=0
[LOOP] 2026-06-01T08:52:06+00:00 | db_changed=3 | account_type=LIVE | server=FTMO-Server4 | max_close_time_utc=2026-05-29T23:45:00+00:00
[DEBUG] positions_get open_positions=3
[DEBUG] open_positions_current active=3 | upsert_changed=3 | deleted_closed=0 | db=C:\Users\Leon\Desktop\QUANT\Data_Center\Data\1_Pipeline\Trades\live\account_540136817_LIVE\open_positions_current.db
[DEBUG] history_deals_get dt_from=2026-06-01T08:47:06.419705+00:00 dt_to=2026-06-01T08:53:06.433126+00:00 deals=0
[DEBUG] recent_exit_position_ids=0
[DEBUG] rebuilt_closed_trades=0
[DEBUG] rows_to_upsert=0
[LOOP] 2026-06-01T08:53:06+00:00 | db_changed=3 | account_type=LIVE | server=FTMO-Server4 | max_close_time_utc=2026-05-29T23:45:00+00:00
[DEBUG] positions_get open_positions=3
[DEBUG] open_positions_current active=3 | upsert_changed=3 | deleted_closed=0 | db=C:\Users\Leon\Desktop\QUANT\Data_Center\Data\1_Pipeline\Trades\live\account_540136817_LIVE\open_positions_current.db
[DEBUG] history_deals_get dt_from=2026-06-01T08:48:06.433126+00:00 dt_to=2026-06-01T08:54:06.449321+00:00 deals=0
[DEBUG] recent_exit_position_ids=0
[DEBUG] rebuilt_closed_trades=0
[DEBUG] rows_to_upsert=0
[LOOP] 2026-06-01T08:54:06+00:00 | db_changed=3 | account_type=LIVE | server=FTMO-Server4 | max_close_time_utc=2026-05-29T23:45:00+00:00
[DEBUG] positions_get open_positions=3
[DEBUG] open_positions_current active=3 | upsert_changed=3 | deleted_closed=0 | db=C:\Users\Leon\Desktop\QUANT\Data_Center\Data\1_Pipeline\Trades\live\account_540136817_LIVE\open_positions_current.db
[DEBUG] history_deals_get dt_from=2026-06-01T08:49:06.449321+00:00 dt_to=2026-06-01T08:55:06.518794+00:00 deals=0
[DEBUG] recent_exit_position_ids=0
[DEBUG] rebuilt_closed_trades=0
[DEBUG] rows_to_upsert=0
[LOOP] 2026-06-01T08:55:06+00:00 | db_changed=3 | account_type=LIVE | server=FTMO-Server4 | max_close_time_utc=2026-05-29T23:45:00+00:00
[DEBUG] positions_get open_positions=3
[DEBUG] open_positions_current active=3 | upsert_changed=3 | deleted_closed=0 | db=C:\Users\Leon\Desktop\QUANT\Data_Center\Data\1_Pipeline\Trades\live\account_540136817_LIVE\open_positions_current.db
[DEBUG] history_deals_get dt_from=2026-06-01T08:50:06.518794+00:00 dt_to=2026-06-01T08:56:06.551192+00:00 deals=0
[DEBUG] recent_exit_position_ids=0
[DEBUG] rebuilt_closed_trades=0
[DEBUG] rows_to_upsert=0
[LOOP] 2026-06-01T08:56:06+00:00 | db_changed=3 | account_type=LIVE | server=FTMO-Server4 | max_close_time_utc=2026-05-29T23:45:00+00:00
[DEBUG] positions_get open_positions=3
[DEBUG] open_positions_current active=3 | upsert_changed=3 | deleted_closed=0 | db=C:\Users\Leon\Desktop\QUANT\Data_Center\Data\1_Pipeline\Trades\live\account_540136817_LIVE\open_positions_current.db
[DEBUG] history_deals_get dt_from=2026-06-01T08:51:06.551192+00:00 dt_to=2026-06-01T08:57:06.612415+00:00 deals=0
[DEBUG] recent_exit_position_ids=0
[DEBUG] rebuilt_closed_trades=0
[DEBUG] rows_to_upsert=0
[LOOP] 2026-06-01T08:57:06+00:00 | db_changed=3 | account_type=LIVE | server=FTMO-Server4 | max_close_time_utc=2026-05-29T23:45:00+00:00
[DEBUG] positions_get open_positions=3
[DEBUG] open_positions_current active=3 | upsert_changed=3 | deleted_closed=0 | db=C:\Users\Leon\Desktop\QUANT\Data_Center\Data\1_Pipeline\Trades\live\account_540136817_LIVE\open_positions_current.db
[DEBUG] history_deals_get dt_from=2026-06-01T08:52:06.612415+00:00 dt_to=2026-06-01T08:58:06.680067+00:00 deals=0
[DEBUG] recent_exit_position_ids=0
[DEBUG] rebuilt_closed_trades=0
[DEBUG] rows_to_upsert=0
[LOOP] 2026-06-01T08:58:06+00:00 | db_changed=3 | account_type=LIVE | server=FTMO-Server4 | max_close_time_utc=2026-05-29T23:45:00+00:00
[DEBUG] positions_get open_positions=3
[DEBUG] open_positions_current active=3 | upsert_changed=3 | deleted_closed=0 | db=C:\Users\Leon\Desktop\QUANT\Data_Center\Data\1_Pipeline\Trades\live\account_540136817_LIVE\open_positions_current.db
[DEBUG] history_deals_get dt_from=2026-06-01T08:53:06.680067+00:00 dt_to=2026-06-01T08:59:06.694809+00:00 deals=0
[DEBUG] recent_exit_position_ids=0
[DEBUG] rebuilt_closed_trades=0
[DEBUG] rows_to_upsert=0
[LOOP] 2026-06-01T08:59:06+00:00 | db_changed=3 | account_type=LIVE | server=FTMO-Server4 | max_close_time_utc=2026-05-29T23:45:00+00:00
[DEBUG] positions_get open_positions=3
[DEBUG] open_positions_current active=3 | upsert_changed=3 | deleted_closed=0 | db=C:\Users\Leon\Desktop\QUANT\Data_Center\Data\1_Pipeline\Trades\live\account_540136817_LIVE\open_positions_current.db
[DEBUG] history_deals_get dt_from=2026-06-01T08:54:06.694809+00:00 dt_to=2026-06-01T09:00:06.713871+00:00 deals=0
[DEBUG] recent_exit_position_ids=0
[DEBUG] rebuilt_closed_trades=0
[DEBUG] rows_to_upsert=0
[LOOP] 2026-06-01T09:00:06+00:00 | db_changed=3 | account_type=LIVE | server=FTMO-Server4 | max_close_time_utc=2026-05-29T23:45:00+00:00
[DEBUG] positions_get open_positions=3
[DEBUG] open_positions_current active=3 | upsert_changed=3 | deleted_closed=0 | db=C:\Users\Leon\Desktop\QUANT\Data_Center\Data\1_Pipeline\Trades\live\account_540136817_LIVE\open_positions_current.db
[DEBUG] history_deals_get dt_from=2026-06-01T08:55:06.713871+00:00 dt_to=2026-06-01T10:33:38.195286+00:00 deals=0
[DEBUG] recent_exit_position_ids=0
[DEBUG] rebuilt_closed_trades=0
[DEBUG] rows_to_upsert=0
[LOOP] 2026-06-01T10:33:38+00:00 | db_changed=3 | account_type=LIVE | server=FTMO-Server4 | max_close_time_utc=2026-05-29T23:45:00+00:00
[DEBUG] positions_get open_positions=3
[DEBUG] open_positions_current active=3 | upsert_changed=3 | deleted_closed=0 | db=C:\Users\Leon\Desktop\QUANT\Data_Center\Data\1_Pipeline\Trades\live\account_540136817_LIVE\open_positions_current.db
[DEBUG] history_deals_get dt_from=2026-06-01T10:28:38.195286+00:00 dt_to=2026-06-01T10:34:38.214811+00:00 deals=0
[DEBUG] recent_exit_position_ids=0
[DEBUG] rebuilt_closed_trades=0
[DEBUG] rows_to_upsert=0
[LOOP] 2026-06-01T10:34:38+00:00 | db_changed=3 | account_type=LIVE | server=FTMO-Server4 | max_close_time_utc=2026-05-29T23:45:00+00:00
[DEBUG] positions_get open_positions=3
[DEBUG] open_positions_current active=3 | upsert_changed=3 | deleted_closed=0 | db=C:\Users\Leon\Desktop\QUANT\Data_Center\Data\1_Pipeline\Trades\live\account_540136817_LIVE\open_positions_current.db
[DEBUG] history_deals_get dt_from=2026-06-01T10:29:38.214811+00:00 dt_to=2026-06-01T10:35:38.274925+00:00 deals=0
[DEBUG] recent_exit_position_ids=0
[DEBUG] rebuilt_closed_trades=0
[DEBUG] rows_to_upsert=0
[LOOP] 2026-06-01T10:35:38+00:00 | db_changed=3 | account_type=LIVE | server=FTMO-Server4 | max_close_time_utc=2026-05-29T23:45:00+00:00
[DEBUG] positions_get open_positions=3
[DEBUG] open_positions_current active=3 | upsert_changed=3 | deleted_closed=0 | db=C:\Users\Leon\Desktop\QUANT\Data_Center\Data\1_Pipeline\Trades\live\account_540136817_LIVE\open_positions_current.db
[DEBUG] history_deals_get dt_from=2026-06-01T10:30:38.274925+00:00 dt_to=2026-06-01T10:36:38.337589+00:00 deals=0
[DEBUG] recent_exit_position_ids=0
[DEBUG] rebuilt_closed_trades=0
[DEBUG] rows_to_upsert=0
[LOOP] 2026-06-01T10:36:38+00:00 | db_changed=3 | account_type=LIVE | server=FTMO-Server4 | max_close_time_utc=2026-05-29T23:45:00+00:00
[DEBUG] positions_get open_positions=3
[DEBUG] open_positions_current active=3 | upsert_changed=3 | deleted_closed=0 | db=C:\Users\Leon\Desktop\QUANT\Data_Center\Data\1_Pipeline\Trades\live\account_540136817_LIVE\open_positions_current.db
[DEBUG] history_deals_get dt_from=2026-06-01T10:31:38.337589+00:00 dt_to=2026-06-01T10:37:38.359186+00:00 deals=0
[DEBUG] recent_exit_position_ids=0
[DEBUG] rebuilt_closed_trades=0
[DEBUG] rows_to_upsert=0
[LOOP] 2026-06-01T10:37:38+00:00 | db_changed=3 | account_type=LIVE | server=FTMO-Server4 | max_close_time_utc=2026-05-29T23:45:00+00:00
[DEBUG] positions_get open_positions=3
[DEBUG] open_positions_current active=3 | upsert_changed=3 | deleted_closed=0 | db=C:\Users\Leon\Desktop\QUANT\Data_Center\Data\1_Pipeline\Trades\live\account_540136817_LIVE\open_positions_current.db
[DEBUG] history_deals_get dt_from=2026-06-01T10:32:38.359186+00:00 dt_to=2026-06-01T10:38:38.373901+00:00 deals=0
[DEBUG] recent_exit_position_ids=0
[DEBUG] rebuilt_closed_trades=0
[DEBUG] rows_to_upsert=0
[LOOP] 2026-06-01T10:38:38+00:00 | db_changed=3 | account_type=LIVE | server=FTMO-Server4 | max_close_time_utc=2026-05-29T23:45:00+00:00
[DEBUG] positions_get open_positions=3
[DEBUG] open_positions_current active=3 | upsert_changed=3 | deleted_closed=0 | db=C:\Users\Leon\Desktop\QUANT\Data_Center\Data\1_Pipeline\Trades\live\account_540136817_LIVE\open_positions_current.db
[DEBUG] history_deals_get dt_from=2026-06-01T10:33:38.373901+00:00 dt_to=2026-06-01T10:39:38.434011+00:00 deals=0
[DEBUG] recent_exit_position_ids=0
[DEBUG] rebuilt_closed_trades=0
[DEBUG] rows_to_upsert=0
[LOOP] 2026-06-01T10:39:38+00:00 | db_changed=3 | account_type=LIVE | server=FTMO-Server4 | max_close_time_utc=2026-05-29T23:45:00+00:00
[DEBUG] positions_get open_positions=3
[DEBUG] open_positions_current active=3 | upsert_changed=3 | deleted_closed=0 | db=C:\Users\Leon\Desktop\QUANT\Data_Center\Data\1_Pipeline\Trades\live\account_540136817_LIVE\open_positions_current.db
[DEBUG] history_deals_get dt_from=2026-06-01T10:34:38.434011+00:00 dt_to=2026-06-01T10:40:38.469517+00:00 deals=0
[DEBUG] recent_exit_position_ids=0
[DEBUG] rebuilt_closed_trades=0
[DEBUG] rows_to_upsert=0
[LOOP] 2026-06-01T10:40:38+00:00 | db_changed=3 | account_type=LIVE | server=FTMO-Server4 | max_close_time_utc=2026-05-29T23:45:00+00:00
[DEBUG] positions_get open_positions=3
[DEBUG] open_positions_current active=3 | upsert_changed=3 | deleted_closed=0 | db=C:\Users\Leon\Desktop\QUANT\Data_Center\Data\1_Pipeline\Trades\live\account_540136817_LIVE\open_positions_current.db
[DEBUG] history_deals_get dt_from=2026-06-01T10:35:38.469517+00:00 dt_to=2026-06-01T10:41:38.534738+00:00 deals=0
[DEBUG] recent_exit_position_ids=0
[DEBUG] rebuilt_closed_trades=0
[DEBUG] rows_to_upsert=0
[LOOP] 2026-06-01T10:41:38+00:00 | db_changed=3 | account_type=LIVE | server=FTMO-Server4 | max_close_time_utc=2026-05-29T23:45:00+00:00
[DEBUG] positions_get open_positions=3
[DEBUG] open_positions_current active=3 | upsert_changed=3 | deleted_closed=0 | db=C:\Users\Leon\Desktop\QUANT\Data_Center\Data\1_Pipeline\Trades\live\account_540136817_LIVE\open_positions_current.db
[DEBUG] history_deals_get dt_from=2026-06-01T10:36:38.534738+00:00 dt_to=2026-06-01T10:42:38.601383+00:00 deals=0
[DEBUG] recent_exit_position_ids=0
[DEBUG] rebuilt_closed_trades=0
[DEBUG] rows_to_upsert=0
[LOOP] 2026-06-01T10:42:38+00:00 | db_changed=3 | account_type=LIVE | server=FTMO-Server4 | max_close_time_utc=2026-05-29T23:45:00+00:00
[DEBUG] positions_get open_positions=3
[DEBUG] open_positions_current active=3 | upsert_changed=3 | deleted_closed=0 | db=C:\Users\Leon\Desktop\QUANT\Data_Center\Data\1_Pipeline\Trades\live\account_540136817_LIVE\open_positions_current.db
[DEBUG] history_deals_get dt_from=2026-06-01T10:37:38.601383+00:00 dt_to=2026-06-01T10:43:38.668886+00:00 deals=0
[DEBUG] recent_exit_position_ids=0
[DEBUG] rebuilt_closed_trades=0
[DEBUG] rows_to_upsert=0
[LOOP] 2026-06-01T10:43:38+00:00 | db_changed=3 | account_type=LIVE | server=FTMO-Server4 | max_close_time_utc=2026-05-29T23:45:00+00:00
[DEBUG] positions_get open_positions=3
[DEBUG] open_positions_current active=3 | upsert_changed=3 | deleted_closed=0 | db=C:\Users\Leon\Desktop\QUANT\Data_Center\Data\1_Pipeline\Trades\live\account_540136817_LIVE\open_positions_current.db
[DEBUG] history_deals_get dt_from=2026-06-01T10:38:38.668886+00:00 dt_to=2026-06-01T10:44:38.687081+00:00 deals=0
[DEBUG] recent_exit_position_ids=0
[DEBUG] rebuilt_closed_trades=0
[DEBUG] rows_to_upsert=0
[LOOP] 2026-06-01T10:44:38+00:00 | db_changed=3 | account_type=LIVE | server=FTMO-Server4 | max_close_time_utc=2026-05-29T23:45:00+00:00
[DEBUG] positions_get open_positions=3
[DEBUG] open_positions_current active=3 | upsert_changed=3 | deleted_closed=0 | db=C:\Users\Leon\Desktop\QUANT\Data_Center\Data\1_Pipeline\Trades\live\account_540136817_LIVE\open_positions_current.db
[DEBUG] history_deals_get dt_from=2026-06-01T10:39:38.687081+00:00 dt_to=2026-06-01T10:45:38.704634+00:00 deals=0
[DEBUG] recent_exit_position_ids=0
[DEBUG] rebuilt_closed_trades=0
[DEBUG] rows_to_upsert=0
[LOOP] 2026-06-01T10:45:38+00:00 | db_changed=3 | account_type=LIVE | server=FTMO-Server4 | max_close_time_utc=2026-05-29T23:45:00+00:00
[DEBUG] positions_get open_positions=3
[DEBUG] open_positions_current active=3 | upsert_changed=3 | deleted_closed=0 | db=C:\Users\Leon\Desktop\QUANT\Data_Center\Data\1_Pipeline\Trades\live\account_540136817_LIVE\open_positions_current.db
[DEBUG] history_deals_get dt_from=2026-06-01T10:40:38.704634+00:00 dt_to=2026-06-01T10:46:38.718884+00:00 deals=0
[DEBUG] recent_exit_position_ids=0
[DEBUG] rebuilt_closed_trades=0
[DEBUG] rows_to_upsert=0
[LOOP] 2026-06-01T10:46:38+00:00 | db_changed=3 | account_type=LIVE | server=FTMO-Server4 | max_close_time_utc=2026-05-29T23:45:00+00:00
[DEBUG] positions_get open_positions=3
[DEBUG] open_positions_current active=3 | upsert_changed=3 | deleted_closed=0 | db=C:\Users\Leon\Desktop\QUANT\Data_Center\Data\1_Pipeline\Trades\live\account_540136817_LIVE\open_positions_current.db
[DEBUG] history_deals_get dt_from=2026-06-01T10:41:38.718884+00:00 dt_to=2026-06-01T10:47:38.729991+00:00 deals=0
[DEBUG] recent_exit_position_ids=0
[DEBUG] rebuilt_closed_trades=0
[DEBUG] rows_to_upsert=0
[LOOP] 2026-06-01T10:47:38+00:00 | db_changed=3 | account_type=LIVE | server=FTMO-Server4 | max_close_time_utc=2026-05-29T23:45:00+00:00
[DEBUG] positions_get open_positions=3
[DEBUG] open_positions_current active=3 | upsert_changed=3 | deleted_closed=0 | db=C:\Users\Leon\Desktop\QUANT\Data_Center\Data\1_Pipeline\Trades\live\account_540136817_LIVE\open_positions_current.db
[DEBUG] history_deals_get dt_from=2026-06-01T10:42:38.729991+00:00 dt_to=2026-06-01T10:48:38.782755+00:00 deals=0
[DEBUG] recent_exit_position_ids=0
[DEBUG] rebuilt_closed_trades=0
[DEBUG] rows_to_upsert=0
[LOOP] 2026-06-01T10:48:38+00:00 | db_changed=3 | account_type=LIVE | server=FTMO-Server4 | max_close_time_utc=2026-05-29T23:45:00+00:00
[DEBUG] positions_get open_positions=3
[DEBUG] open_positions_current active=3 | upsert_changed=3 | deleted_closed=0 | db=C:\Users\Leon\Desktop\QUANT\Data_Center\Data\1_Pipeline\Trades\live\account_540136817_LIVE\open_positions_current.db
[DEBUG] history_deals_get dt_from=2026-06-01T10:43:38.782755+00:00 dt_to=2026-06-01T10:49:38.846379+00:00 deals=0
[DEBUG] recent_exit_position_ids=0
[DEBUG] rebuilt_closed_trades=0
[DEBUG] rows_to_upsert=0
[LOOP] 2026-06-01T10:49:38+00:00 | db_changed=3 | account_type=LIVE | server=FTMO-Server4 | max_close_time_utc=2026-05-29T23:45:00+00:00
[DEBUG] positions_get open_positions=3
[DEBUG] open_positions_current active=3 | upsert_changed=3 | deleted_closed=0 | db=C:\Users\Leon\Desktop\QUANT\Data_Center\Data\1_Pipeline\Trades\live\account_540136817_LIVE\open_positions_current.db
[DEBUG] history_deals_get dt_from=2026-06-01T10:44:38.846379+00:00 dt_to=2026-06-01T10:50:38.911527+00:00 deals=0
[DEBUG] recent_exit_position_ids=0
[DEBUG] rebuilt_closed_trades=0
[DEBUG] rows_to_upsert=0
[LOOP] 2026-06-01T10:50:38+00:00 | db_changed=3 | account_type=LIVE | server=FTMO-Server4 | max_close_time_utc=2026-05-29T23:45:00+00:00
[DEBUG] positions_get open_positions=3
[DEBUG] open_positions_current active=3 | upsert_changed=3 | deleted_closed=0 | db=C:\Users\Leon\Desktop\QUANT\Data_Center\Data\1_Pipeline\Trades\live\account_540136817_LIVE\open_positions_current.db
[DEBUG] history_deals_get dt_from=2026-06-01T10:45:38.911527+00:00 dt_to=2026-06-01T10:51:38.980338+00:00 deals=0
[DEBUG] recent_exit_position_ids=0
[DEBUG] rebuilt_closed_trades=0
[DEBUG] rows_to_upsert=0
[LOOP] 2026-06-01T10:51:38+00:00 | db_changed=3 | account_type=LIVE | server=FTMO-Server4 | max_close_time_utc=2026-05-29T23:45:00+00:00
[DEBUG] positions_get open_positions=3
[DEBUG] open_positions_current active=3 | upsert_changed=3 | deleted_closed=0 | db=C:\Users\Leon\Desktop\QUANT\Data_Center\Data\1_Pipeline\Trades\live\account_540136817_LIVE\open_positions_current.db
[DEBUG] history_deals_get dt_from=2026-06-01T10:46:38.980338+00:00 dt_to=2026-06-01T10:52:38.999008+00:00 deals=0
[DEBUG] recent_exit_position_ids=0
[DEBUG] rebuilt_closed_trades=0
[DEBUG] rows_to_upsert=0
[LOOP] 2026-06-01T10:52:38+00:00 | db_changed=3 | account_type=LIVE | server=FTMO-Server4 | max_close_time_utc=2026-05-29T23:45:00+00:00
[DEBUG] positions_get open_positions=3
[DEBUG] open_positions_current active=3 | upsert_changed=3 | deleted_closed=0 | db=C:\Users\Leon\Desktop\QUANT\Data_Center\Data\1_Pipeline\Trades\live\account_540136817_LIVE\open_positions_current.db
[DEBUG] history_deals_get dt_from=2026-06-01T10:47:38.999008+00:00 dt_to=2026-06-01T10:53:39.061740+00:00 deals=0
[DEBUG] recent_exit_position_ids=0
[DEBUG] rebuilt_closed_trades=0
[DEBUG] rows_to_upsert=0
[LOOP] 2026-06-01T10:53:39+00:00 | db_changed=3 | account_type=LIVE | server=FTMO-Server4 | max_close_time_utc=2026-05-29T23:45:00+00:00
[DEBUG] positions_get open_positions=3
[DEBUG] open_positions_current active=3 | upsert_changed=3 | deleted_closed=0 | db=C:\Users\Leon\Desktop\QUANT\Data_Center\Data\1_Pipeline\Trades\live\account_540136817_LIVE\open_positions_current.db
[DEBUG] history_deals_get dt_from=2026-06-01T10:48:39.061740+00:00 dt_to=2026-06-01T10:54:39.125648+00:00 deals=0
[DEBUG] recent_exit_position_ids=0
[DEBUG] rebuilt_closed_trades=0
[DEBUG] rows_to_upsert=0
[LOOP] 2026-06-01T10:54:39+00:00 | db_changed=3 | account_type=LIVE | server=FTMO-Server4 | max_close_time_utc=2026-05-29T23:45:00+00:00
[DEBUG] positions_get open_positions=3
[DEBUG] open_positions_current active=3 | upsert_changed=3 | deleted_closed=0 | db=C:\Users\Leon\Desktop\QUANT\Data_Center\Data\1_Pipeline\Trades\live\account_540136817_LIVE\open_positions_current.db
[DEBUG] history_deals_get dt_from=2026-06-01T10:49:39.125648+00:00 dt_to=2026-06-01T10:55:39.144105+00:00 deals=0
[DEBUG] recent_exit_position_ids=0
[DEBUG] rebuilt_closed_trades=0
[DEBUG] rows_to_upsert=0
[LOOP] 2026-06-01T10:55:39+00:00 | db_changed=3 | account_type=LIVE | server=FTMO-Server4 | max_close_time_utc=2026-05-29T23:45:00+00:00
[DEBUG] positions_get open_positions=3
[DEBUG] open_positions_current active=3 | upsert_changed=3 | deleted_closed=0 | db=C:\Users\Leon\Desktop\QUANT\Data_Center\Data\1_Pipeline\Trades\live\account_540136817_LIVE\open_positions_current.db
[DEBUG] history_deals_get dt_from=2026-06-01T10:50:39.144105+00:00 dt_to=2026-06-01T10:56:39.200499+00:00 deals=0
[DEBUG] recent_exit_position_ids=0
[DEBUG] rebuilt_closed_trades=0
[DEBUG] rows_to_upsert=0
[LOOP] 2026-06-01T10:56:39+00:00 | db_changed=3 | account_type=LIVE | server=FTMO-Server4 | max_close_time_utc=2026-05-29T23:45:00+00:00
[DEBUG] positions_get open_positions=3
[DEBUG] open_positions_current active=3 | upsert_changed=3 | deleted_closed=0 | db=C:\Users\Leon\Desktop\QUANT\Data_Center\Data\1_Pipeline\Trades\live\account_540136817_LIVE\open_positions_current.db
[DEBUG] history_deals_get dt_from=2026-06-01T10:51:39.200499+00:00 dt_to=2026-06-01T10:57:39.218408+00:00 deals=0
[DEBUG] recent_exit_position_ids=0
[DEBUG] rebuilt_closed_trades=0
[DEBUG] rows_to_upsert=0
[LOOP] 2026-06-01T10:57:39+00:00 | db_changed=3 | account_type=LIVE | server=FTMO-Server4 | max_close_time_utc=2026-05-29T23:45:00+00:00
[DEBUG] positions_get open_positions=3
[DEBUG] open_positions_current active=3 | upsert_changed=3 | deleted_closed=0 | db=C:\Users\Leon\Desktop\QUANT\Data_Center\Data\1_Pipeline\Trades\live\account_540136817_LIVE\open_positions_current.db
[DEBUG] history_deals_get dt_from=2026-06-01T10:52:39.218408+00:00 dt_to=2026-06-01T10:58:39.232955+00:00 deals=0
[DEBUG] recent_exit_position_ids=0
[DEBUG] rebuilt_closed_trades=0
[DEBUG] rows_to_upsert=0
[LOOP] 2026-06-01T10:58:39+00:00 | db_changed=3 | account_type=LIVE | server=FTMO-Server4 | max_close_time_utc=2026-05-29T23:45:00+00:00
[DEBUG] positions_get open_positions=3
[DEBUG] open_positions_current active=3 | upsert_changed=3 | deleted_closed=0 | db=C:\Users\Leon\Desktop\QUANT\Data_Center\Data\1_Pipeline\Trades\live\account_540136817_LIVE\open_positions_current.db
[DEBUG] history_deals_get dt_from=2026-06-01T10:53:39.232955+00:00 dt_to=2026-06-01T10:59:39.289084+00:00 deals=0
[DEBUG] recent_exit_position_ids=0
[DEBUG] rebuilt_closed_trades=0
[DEBUG] rows_to_upsert=0
[LOOP] 2026-06-01T10:59:39+00:00 | db_changed=3 | account_type=LIVE | server=FTMO-Server4 | max_close_time_utc=2026-05-29T23:45:00+00:00
[DEBUG] positions_get open_positions=3
[DEBUG] open_positions_current active=3 | upsert_changed=3 | deleted_closed=0 | db=C:\Users\Leon\Desktop\QUANT\Data_Center\Data\1_Pipeline\Trades\live\account_540136817_LIVE\open_positions_current.db
[DEBUG] history_deals_get dt_from=2026-06-01T10:54:39.289084+00:00 dt_to=2026-06-01T11:00:39.350993+00:00 deals=0
[DEBUG] recent_exit_position_ids=0
[DEBUG] rebuilt_closed_trades=0
[DEBUG] rows_to_upsert=0
[LOOP] 2026-06-01T11:00:39+00:00 | db_changed=3 | account_type=LIVE | server=FTMO-Server4 | max_close_time_utc=2026-05-29T23:45:00+00:00
[DEBUG] positions_get open_positions=3
[DEBUG] open_positions_current active=3 | upsert_changed=3 | deleted_closed=0 | db=C:\Users\Leon\Desktop\QUANT\Data_Center\Data\1_Pipeline\Trades\live\account_540136817_LIVE\open_positions_current.db
[DEBUG] history_deals_get dt_from=2026-06-01T10:55:39.350993+00:00 dt_to=2026-06-01T11:01:39.369229+00:00 deals=0
[DEBUG] recent_exit_position_ids=0
[DEBUG] rebuilt_closed_trades=0
[DEBUG] rows_to_upsert=0
[LOOP] 2026-06-01T11:01:39+00:00 | db_changed=3 | account_type=LIVE | server=FTMO-Server4 | max_close_time_utc=2026-05-29T23:45:00+00:00
[DEBUG] positions_get open_positions=3
[DEBUG] open_positions_current active=3 | upsert_changed=3 | deleted_closed=0 | db=C:\Users\Leon\Desktop\QUANT\Data_Center\Data\1_Pipeline\Trades\live\account_540136817_LIVE\open_positions_current.db
[DEBUG] history_deals_get dt_from=2026-06-01T10:56:39.369229+00:00 dt_to=2026-06-01T11:02:39.431758+00:00 deals=0
[DEBUG] recent_exit_position_ids=0
[DEBUG] rebuilt_closed_trades=0
[DEBUG] rows_to_upsert=0
[LOOP] 2026-06-01T11:02:39+00:00 | db_changed=3 | account_type=LIVE | server=FTMO-Server4 | max_close_time_utc=2026-05-29T23:45:00+00:00
[DEBUG] positions_get open_positions=3
[DEBUG] open_positions_current active=3 | upsert_changed=3 | deleted_closed=0 | db=C:\Users\Leon\Desktop\QUANT\Data_Center\Data\1_Pipeline\Trades\live\account_540136817_LIVE\open_positions_current.db
[DEBUG] history_deals_get dt_from=2026-06-01T10:57:39.431758+00:00 dt_to=2026-06-01T11:03:39.498315+00:00 deals=0
[DEBUG] recent_exit_position_ids=0
